
$ /workspace/scratch/abh-benchmark-jobs/job-01/venv/bin/python -m pytest -q
............................................................................................ [ 16%]
......................................................... [ 26%]
........................................................................ [ 39%]
................................................................................ [ 53%]
.................................. [ 59%]
.............................. [ 64%]
............................................................................................ [ 81%]
.........................................................................................................                                         [100%]
=============================== warnings summary ===============================
tests/test_more.py::ZipEqualTest::test_equal
tests/test_more.py::ZipEqualTest::test_equal
tests/test_more.py::ZipEqualTest::test_unequal_lists
tests/test_more.py::ZipEqualTest::test_unequal_lists
tests/test_more.py::ZipEqualTest::test_unequal_lists
  /workspace/scratch/abh-benchmark-jobs/job-09/repo/more_itertools/more.py:1634: DeprecationWarning: zip_equal will be removed in a future version of more-itertools. Use the builtin zip function with strict=True instead.
    warnings.warn(

tests/test_recipes.py::BatchedTests::test_basic
tests/test_recipes.py::BatchedTests::test_basic
tests/test_recipes.py::BatchedTests::test_basic
tests/test_recipes.py::BatchedTests::test_basic
tests/test_recipes.py::BatchedTests::test_basic
tests/test_recipes.py::BatchedTests::test_basic
tests/test_recipes.py::BatchedTests::test_basic
  /workspace/scratch/abh-benchmark-jobs/job-09/repo/more_itertools/recipes.py:869: DeprecationWarning: batched will be removed in a future version of more-itertools. Use the standard library itertools.batched function instead
    warnings.warn(

-- Docs: https://docs.pytest.org/en/stable/how-to/capture-warnings.html
562 passed, 12 warnings, 2206 subtests passed in 1.15s

exit=0 seconds=1.35

$ /workspace/scratch/abh-benchmark-jobs/job-01/venv/bin/python -m pytest -q tests/test_more.py::SplitAfterTest
.....                                                            [100%]
=================================== FAILURES ===================================
_______ SplitAfterTest.test_max_split_at_end (iterable=[1], maxsplit=1) ________

self = <tests.test_more.SplitAfterTest testMethod=test_max_split_at_end>

    def test_max_split_at_end(self):
        for iterable, maxsplit, expected in [
            ([1], 1, [[1]]),
            ([1], 2, [[1]]),
            ([1], -1, [[1]]),
            ([0, 1], 1, [[0, 1]]),
            ([1, 1], 2, [[1], [1]]),
            ([1, 0], 1, [[1], [0]]),
            ([], 1, []),
            ([], 0, [[]]),
        ]:
            with self.subTest(iterable=iterable, maxsplit=maxsplit):
                actual = list(mi.split_after(
                    iter(iterable), lambda x: x == 1, maxsplit=maxsplit
                ))
>               self.assertEqual(actual, expected)
E               AssertionError: Lists differ: [[1], []] != [[1]]
E               
E               First list contains 1 additional elements.
E               First extra element 1:
E               []
E               
E               - [[1], []]
E               + [[1]]

tests/test_more.py:1436: AssertionError
______ SplitAfterTest.test_max_split_at_end (iterable=[0, 1], maxsplit=1) ______

self = <tests.test_more.SplitAfterTest testMethod=test_max_split_at_end>

    def test_max_split_at_end(self):
        for iterable, maxsplit, expected in [
            ([1], 1, [[1]]),
            ([1], 2, [[1]]),
            ([1], -1, [[1]]),
            ([0, 1], 1, [[0, 1]]),
            ([1, 1], 2, [[1], [1]]),
            ([1, 0], 1, [[1], [0]]),
            ([], 1, []),
            ([], 0, [[]]),
        ]:
            with self.subTest(iterable=iterable, maxsplit=maxsplit):
                actual = list(mi.split_after(
                    iter(iterable), lambda x: x == 1, maxsplit=maxsplit
                ))
>               self.assertEqual(actual, expected)
E               AssertionError: Lists differ: [[0, 1], []] != [[0, 1]]
E               
E               First list contains 1 additional elements.
E               First extra element 1:
E               []
E               
E               - [[0, 1], []]
E               ?        --- -
E               
E               + [[0, 1]]

tests/test_more.py:1436: AssertionError
______ SplitAfterTest.test_max_split_at_end (iterable=[1, 1], maxsplit=2) ______

self = <tests.test_more.SplitAfterTest testMethod=test_max_split_at_end>

    def test_max_split_at_end(self):
        for iterable, maxsplit, expected in [
            ([1], 1, [[1]]),
            ([1], 2, [[1]]),
            ([1], -1, [[1]]),
            ([0, 1], 1, [[0, 1]]),
            ([1, 1], 2, [[1], [1]]),
            ([1, 0], 1, [[1], [0]]),
            ([], 1, []),
            ([], 0, [[]]),
        ]:
            with self.subTest(iterable=iterable, maxsplit=maxsplit):
                actual = list(mi.split_after(
                    iter(iterable), lambda x: x == 1, maxsplit=maxsplit
                ))
>               self.assertEqual(actual, expected)
E               AssertionError: Lists differ: [[1], [1], []] != [[1], [1]]
E               
E               First list contains 1 additional elements.
E               First extra element 2:
E               []
E               
E               - [[1], [1], []]
E               ?          --- -
E               
E               + [[1], [1]]

tests/test_more.py:1436: AssertionError
=========================== short test summary info ============================
SUBFAILED(iterable=[1], maxsplit=1) tests/test_more.py::SplitAfterTest::test_max_split_at_end
SUBFAILED(iterable=[0, 1], maxsplit=1) tests/test_more.py::SplitAfterTest::test_max_split_at_end
SUBFAILED(iterable=[1, 1], maxsplit=2) tests/test_more.py::SplitAfterTest::test_max_split_at_end
3 failed, 5 passed, 5 subtests passed in 0.38s

exit=1 seconds=0.56

$ /workspace/scratch/abh-benchmark-jobs/job-01/venv/bin/python -m pytest -q tests/test_more.py::SplitAfterTest
.....                                                            [100%]
5 passed, 8 subtests passed in 0.19s

exit=0 seconds=0.42

$ /workspace/scratch/abh-benchmark-jobs/job-01/venv/bin/python -m unittest -q
/workspace/scratch/abh-benchmark-jobs/job-09/repo/more_itertools/more.py:1636: DeprecationWarning: zip_equal will be removed in a future version of more-itertools. Use the builtin zip function with strict=True instead.
  warnings.warn(
/workspace/scratch/abh-benchmark-jobs/job-09/repo/more_itertools/recipes.py:869: DeprecationWarning: batched will be removed in a future version of more-itertools. Use the standard library itertools.batched function instead
  warnings.warn(
----------------------------------------------------------------------
Ran 693 tests in 1.070s

OK

exit=0 seconds=1.25

$ /workspace/scratch/abh-benchmark-jobs/job-01/venv/bin/flake8 .
./tests/test_more.py:2545:21: E721 do not compare types, for exact checks use `is` / `is not`, for instance checks use `isinstance()`

exit=1 seconds=0.75

$ git diff --check

exit=0 seconds=0.01

$ /workspace/scratch/abh-benchmark-jobs/job-01/venv/bin/pip wheel --no-deps --wheel-dir ../evidence/dist .
Processing /workspace/scratch/abh-benchmark-jobs/job-09/repo
  Installing build dependencies: started
  Installing build dependencies: finished with status 'done'
  Getting requirements to build wheel: started
  Getting requirements to build wheel: finished with status 'done'
  Preparing metadata (pyproject.toml): started
  Preparing metadata (pyproject.toml): finished with status 'done'
Building wheels for collected packages: more-itertools
  Building wheel for more-itertools (pyproject.toml): started
  Building wheel for more-itertools (pyproject.toml): finished with status 'done'
  Created wheel for more-itertools: filename=more_itertools-9.0.0-py3-none-any.whl size=53219 sha256=b298cf384d877250b9ecbaa5eedc82674ed7faaa6e2bcfc90373d66132e9bea2
  Stored in directory: /tmp/pip-ephem-wheel-cache-kvetf7s2/wheels/96/80/ca/eeee49414d43a1a5fc6d85b5db156f6eaf295bb5a4b2250b40
Successfully built more-itertools

exit=0 seconds=17.88

$ /workspace/scratch/abh-benchmark-jobs/job-01/venv/bin/pip install --target ../tools mypy black
Collecting mypy
  Using cached mypy-2.3.1-cp312-cp312-manylinux2014_x86_64.manylinux_2_17_x86_64.manylinux_2_28_x86_64.whl.metadata (2.4 kB)
Collecting black
  Using cached black-26.5.1-cp312-cp312-manylinux2014_x86_64.manylinux_2_17_x86_64.manylinux_2_28_x86_64.whl.metadata (95 kB)
Collecting typing_extensions>=4.6.0 (from mypy)
  Using cached typing_extensions-4.16.0-py3-none-any.whl.metadata (3.3 kB)
Collecting mypy_extensions>=1.0.0 (from mypy)
  Using cached mypy_extensions-1.1.0-py3-none-any.whl.metadata (1.1 kB)
Collecting pathspec>=1.0.0 (from mypy)
  Using cached pathspec-1.1.1-py3-none-any.whl.metadata (14 kB)
Collecting librt>=0.13.0 (from mypy)
  Using cached librt-0.15.0-cp312-cp312-manylinux2014_x86_64.manylinux_2_17_x86_64.manylinux_2_28_x86_64.whl.metadata (1.3 kB)
Collecting ast-serialize<1.0.0,>=0.6.0 (from mypy)
  Using cached ast_serialize-0.11.2-cp39-abi3-manylinux_2_17_x86_64.manylinux2014_x86_64.whl.metadata (1.4 kB)
Collecting click>=8.0.0 (from black)
  Using cached click-8.5.0-py3-none-any.whl.metadata (2.6 kB)
Collecting packaging>=22.0 (from black)
  Using cached packaging-26.3-py3-none-any.whl.metadata (3.5 kB)
Collecting platformdirs>=2 (from black)
  Using cached platformdirs-4.11.9-py3-none-any.whl.metadata (5.5 kB)
Collecting pytokens~=0.4.0 (from black)
  Using cached pytokens-0.4.1-cp312-cp312-manylinux2014_x86_64.manylinux_2_17_x86_64.manylinux_2_28_x86_64.whl.metadata (3.8 kB)
Using cached mypy-2.3.1-cp312-cp312-manylinux2014_x86_64.manylinux_2_17_x86_64.manylinux_2_28_x86_64.whl (15.3 MB)
Using cached black-26.5.1-cp312-cp312-manylinux2014_x86_64.manylinux_2_17_x86_64.manylinux_2_28_x86_64.whl (1.9 MB)
Using cached ast_serialize-0.11.2-cp39-abi3-manylinux_2_17_x86_64.manylinux2014_x86_64.whl (1.3 MB)
Using cached click-8.5.0-py3-none-any.whl (125 kB)
Using cached librt-0.15.0-cp312-cp312-manylinux2014_x86_64.manylinux_2_17_x86_64.manylinux_2_28_x86_64.whl (531 kB)
Using cached mypy_extensions-1.1.0-py3-none-any.whl (5.0 kB)
Using cached packaging-26.3-py3-none-any.whl (129 kB)
Using cached pathspec-1.1.1-py3-none-any.whl (57 kB)
Using cached platformdirs-4.11.9-py3-none-any.whl (24 kB)
Using cached pytokens-0.4.1-cp312-cp312-manylinux2014_x86_64.manylinux_2_17_x86_64.manylinux_2_28_x86_64.whl (269 kB)
Using cached typing_extensions-4.16.0-py3-none-any.whl (45 kB)
Installing collected packages: typing_extensions, pytokens, platformdirs, pathspec, packaging, mypy_extensions, librt, click, ast-serialize, mypy, black
Successfully installed ast-serialize-0.11.2 black-26.5.1 click-8.5.0 librt-0.15.0 mypy-2.3.1 mypy_extensions-1.1.0 packaging-26.3 pathspec-1.1.1 platformdirs-4.11.9 pytokens-0.4.1 typing_extensions-4.16.0

exit=0 seconds=22.32

$ /workspace/scratch/abh-benchmark-jobs/job-01/venv/bin/flake8 ../evidence/baseline_test_more.py
../evidence/baseline_test_more.py:2526:21: E721 do not compare types, for exact checks use `is` / `is not`, for instance checks use `isinstance()`

exit=1 seconds=1.12

$ PYTHONPATH=../tools python -m black --check more_itertools/more.py tests/test_more.py
would reformat more_itertools/more.py
would reformat tests/test_more.py

Oh no! 💥 💔 💥
2 files would be reformatted.

exit=1 seconds=4.16

$ PYTHONPATH=../tools python -m mypy.stubtest more_itertools.more more_itertools.recipes
error: more_itertools.more.__all__ is not present in stub
Stub: in file /workspace/scratch/abh-benchmark-jobs/job-09/repo/more_itertools/more.pyi
MISSING
Runtime: in file /workspace/scratch/abh-benchmark-jobs/job-09/repo/more_itertools/more.py
<module 'more_itertools.more' from '/workspace/scratch/abh-benchmark-jobs/job-09/repo/more_iterto...

error: more_itertools.recipes.__all__ is not present in stub
Stub: in file /workspace/scratch/abh-benchmark-jobs/job-09/repo/more_itertools/recipes.pyi
MISSING
Runtime: in file /workspace/scratch/abh-benchmark-jobs/job-09/repo/more_itertools/recipes.py
<module 'more_itertools.recipes' from '/workspace/scratch/abh-benchmark-jobs/job-09/repo/more_ite...

Found 2 errors (checked 2 modules)

exit=1 seconds=1.42

$ PYTHONPATH=../tools python -m black --check --line-length 79 --skip-string-normalization --target-version py37 ../evidence/baseline_more.py ../evidence/baseline_test_more.py
would reformat ../evidence/baseline_more.py
would reformat ../evidence/baseline_test_more.py

Oh no! 💥 💔 💥
2 files would be reformatted.

exit=1 seconds=3.62

$ cd ../evidence/baseline_package && PYTHONPATH=../../tools python -m mypy.stubtest more_itertools.more more_itertools.recipes
error: more_itertools.more.__all__ is not present in stub
Stub: in file /workspace/scratch/abh-benchmark-jobs/job-09/evidence/baseline_package/more_itertools/more.pyi
MISSING
Runtime: in file /workspace/scratch/abh-benchmark-jobs/job-09/evidence/baseline_package/more_itertools/more.py
<module 'more_itertools.more' from '/workspace/scratch/abh-benchmark-jobs/job-09/evidence/baselin...

error: more_itertools.recipes.__all__ is not present in stub
Stub: in file /workspace/scratch/abh-benchmark-jobs/job-09/evidence/baseline_package/more_itertools/recipes.pyi
MISSING
Runtime: in file /workspace/scratch/abh-benchmark-jobs/job-09/evidence/baseline_package/more_itertools/recipes.py
<module 'more_itertools.recipes' from '/workspace/scratch/abh-benchmark-jobs/job-09/evidence/base...

Found 2 errors (checked 2 modules)

exit=1 seconds=1.47
