$ /workspace/scratch/abh-independent-qa/job-01/venv/bin/python /workspace/scratch/abh-independent-qa/job-09/independent.py
PASS 762 independently computed boundary cases plus lazy-source and no-predicate-after-limit assertions

EXIT_CODE=0
$ /workspace/scratch/abh-independent-qa/job-01/venv/bin/python -m unittest -q
/workspace/scratch/abh-independent-qa/job-09/repo/more_itertools/more.py:1636: DeprecationWarning: zip_equal will be removed in a future version of more-itertools. Use the builtin zip function with strict=True instead.
  warnings.warn(
/workspace/scratch/abh-independent-qa/job-09/repo/more_itertools/recipes.py:869: DeprecationWarning: batched will be removed in a future version of more-itertools. Use the standard library itertools.batched function instead
  warnings.warn(
----------------------------------------------------------------------
Ran 693 tests in 0.990s

OK

EXIT_CODE=0
$ /workspace/scratch/abh-independent-qa/job-01/venv/bin/python -m flake8 .
./tests/test_more.py:2545:21: E721 do not compare types, for exact checks use `is` / `is not`, for instance checks use `isinstance()`

EXIT_CODE=1
$ /workspace/scratch/abh-independent-qa/job-01/venv/bin/python -m black --check more_itertools/more.py tests/test_more.py
would reformat more_itertools/more.py
would reformat tests/test_more.py

Oh no! 💥 💔 💥
2 files would be reformatted.

EXIT_CODE=1
$ /workspace/scratch/abh-independent-qa/job-01/venv/bin/python -m mypy.stubtest more_itertools.more more_itertools.recipes
error: more_itertools.more.__all__ is not present in stub
Stub: in file /workspace/scratch/abh-independent-qa/job-09/repo/more_itertools/more.pyi
MISSING
Runtime: in file /workspace/scratch/abh-independent-qa/job-09/repo/more_itertools/more.py
<module 'more_itertools.more' from '/workspace/scratch/abh-independent-qa/job-09/repo/more_iterto...

error: more_itertools.recipes.__all__ is not present in stub
Stub: in file /workspace/scratch/abh-independent-qa/job-09/repo/more_itertools/recipes.pyi
MISSING
Runtime: in file /workspace/scratch/abh-independent-qa/job-09/repo/more_itertools/recipes.py
<module 'more_itertools.recipes' from '/workspace/scratch/abh-independent-qa/job-09/repo/more_ite...

Found 2 errors (checked 2 modules)

EXIT_CODE=1
$ /workspace/scratch/abh-independent-qa/job-01/venv/bin/python -m pip wheel --no-deps --wheel-dir /workspace/scratch/abh-independent-qa/job-09/dist .
Processing /workspace/scratch/abh-independent-qa/job-09/repo
  Installing build dependencies: started
  Installing build dependencies: finished with status 'error'
  error: subprocess-exited-with-error
  
  × pip subprocess to install build dependencies did not run successfully.
  │ exit code: 1
  ╰─> [7 lines of output]
      WARNING: Retrying (Retry(total=4, connect=None, read=None, redirect=None, status=None)) after connection broken by 'NewConnectionError('<pip._vendor.urllib3.connection.HTTPSConnection object at 0x7f1f177f8e90>: Failed to establish a new connection: [Errno -3] Temporary failure in name resolution')': /simple/flit-core/
      WARNING: Retrying (Retry(total=3, connect=None, read=None, redirect=None, status=None)) after connection broken by 'NewConnectionError('<pip._vendor.urllib3.connection.HTTPSConnection object at 0x7f1f1743a7e0>: Failed to establish a new connection: [Errno -3] Temporary failure in name resolution')': /simple/flit-core/
      WARNING: Retrying (Retry(total=2, connect=None, read=None, redirect=None, status=None)) after connection broken by 'NewConnectionError('<pip._vendor.urllib3.connection.HTTPSConnection object at 0x7f1f1743abd0>: Failed to establish a new connection: [Errno -3] Temporary failure in name resolution')': /simple/flit-core/
      WARNING: Retrying (Retry(total=1, connect=None, read=None, redirect=None, status=None)) after connection broken by 'NewConnectionError('<pip._vendor.urllib3.connection.HTTPSConnection object at 0x7f1f1743ade0>: Failed to establish a new connection: [Errno -3] Temporary failure in name resolution')': /simple/flit-core/
      WARNING: Retrying (Retry(total=0, connect=None, read=None, redirect=None, status=None)) after connection broken by 'NewConnectionError('<pip._vendor.urllib3.connection.HTTPSConnection object at 0x7f1f1743aff0>: Failed to establish a new connection: [Errno -3] Temporary failure in name resolution')': /simple/flit-core/
      ERROR: Could not find a version that satisfies the requirement flit_core<4,>=3.2 (from versions: none)
      ERROR: No matching distribution found for flit_core<4,>=3.2
      [end of output]
  
  note: This error originates from a subprocess, and is likely not a problem with pip.
error: subprocess-exited-with-error

× pip subprocess to install build dependencies did not run successfully.
│ exit code: 1
╰─> See above for output.

note: This error originates from a subprocess, and is likely not a problem with pip.

EXIT_CODE=1

Independent baseline gate comparison using supplied local initial parent, no upstream history.
$ baseline flake8 .
./tests/test_more.py:2526:21: E721 do not compare types, for exact checks use `is` / `is not`, for instance checks use `isinstance()`

EXIT_CODE=1
$ baseline black --check more_itertools/more.py tests/test_more.py
would reformat more_itertools/more.py
would reformat tests/test_more.py

Oh no! 💥 💔 💥
2 files would be reformatted.

EXIT_CODE=1
$ baseline mypy.stubtest more_itertools.more more_itertools.recipes
error: more_itertools.more.__all__ is not present in stub
Stub: in file /workspace/scratch/abh-independent-qa/job-09/baseline/more_itertools/more.pyi
MISSING
Runtime: in file /workspace/scratch/abh-independent-qa/job-09/baseline/more_itertools/more.py
<module 'more_itertools.more' from '/workspace/scratch/abh-independent-qa/job-09/baseline/more_it...

error: more_itertools.recipes.__all__ is not present in stub
Stub: in file /workspace/scratch/abh-independent-qa/job-09/baseline/more_itertools/recipes.pyi
MISSING
Runtime: in file /workspace/scratch/abh-independent-qa/job-09/baseline/more_itertools/recipes.py
<module 'more_itertools.recipes' from '/workspace/scratch/abh-independent-qa/job-09/baseline/more...

Found 2 errors (checked 2 modules)

EXIT_CODE=1

Recovered flit_core wheel from local pip cache into isolated QA tools (no network).
$ /workspace/scratch/abh-independent-qa/job-01/venv/bin/python -m pip wheel --no-deps --no-build-isolation --wheel-dir /workspace/scratch/abh-independent-qa/job-09/dist .
Processing /workspace/scratch/abh-independent-qa/job-09/repo
  Preparing metadata (pyproject.toml): started
  Preparing metadata (pyproject.toml): finished with status 'done'
Building wheels for collected packages: more-itertools
  Building wheel for more-itertools (pyproject.toml): started
  Building wheel for more-itertools (pyproject.toml): finished with status 'done'
  Created wheel for more-itertools: filename=more_itertools-9.0.0-py3-none-any.whl size=53229 sha256=4ee1a5d4bbfdbeda1b67aacbbdec3036be99ee055a3f6b8b72f5e6ef2aaeb101
  Stored in directory: /tmp/pip-ephem-wheel-cache-qrc3wsyq/wheels/32/19/59/b8e827c5e97716355c793b794aedb0830bec47dd1a7978136f
Successfully built more-itertools

[notice] A new release of pip is available: 25.0.1 -> 26.2.1
[notice] To update, run: python -m pip install --upgrade pip

EXIT_CODE=0
