{
  "label": "SIMULATION / HISTORICAL REPLAY — NOT PAID WORK",
  "executedAt": "2026-09-17T10:37:20.008Z",
  "command": "node scripts/benchmark-control-drills.mjs docs/operations/benchmarks/control-drills/actual-solution-binding.json",
  "result": "PASS",
  "results": [
    {
      "drill": 1,
      "name": "Human credential required",
      "result": "PASS",
      "finalState": "NEEDS_HUMAN_INPUT",
      "unrelatedCandidateContinues": true
    },
    {
      "drill": 2,
      "name": "Stop at ready to submit",
      "result": "PASS",
      "controlAssertions": "PASS",
      "finalState": "READY_TO_SUBMIT",
      "actualSuccessfulSolution": true,
      "approvalRequest": "SIMULATION ONLY: owner approval would be required to publish revision 7b781a57bcd3027421a96ea24629ffa4831e691f. No public action will occur."
    },
    {
      "drill": 3,
      "name": "Maintainer requests changes",
      "result": "PASS",
      "finalState": "READY_TO_SUBMIT",
      "path": [
        "SUBMITTED",
        "CHANGES_REQUESTED",
        "SOLVING",
        "QA",
        "READY_TO_SUBMIT"
      ],
      "staleQAInvalidated": true,
      "staleApprovalInvalidated": true,
      "scope": "Workflow simulation; revised code and review attestations are fixture data, not technical QA claims"
    }
  ],
  "injectedDefects": [
    {
      "name": "same-author QA",
      "result": "CAUGHT",
      "message": "Independent QA reviewer required"
    },
    {
      "name": "stale QA revision",
      "result": "CAUGHT",
      "message": "QA must verify the current solution revision"
    },
    {
      "name": "unapproved public submission",
      "result": "CAUGHT",
      "message": "Explicit owner public submission approval required"
    },
    {
      "name": "old QA omitted after changes",
      "result": "CAUGHT",
      "message": "Independent QA reviewer required"
    },
    {
      "name": "injected old QA after changes",
      "result": "CAUGHT",
      "message": "QA must verify the current solution revision"
    },
    {
      "name": "old approval omitted after changes",
      "result": "CAUGHT",
      "message": "Explicit owner public submission approval required"
    },
    {
      "name": "injected old approval after changes",
      "result": "CAUGHT",
      "message": "Approval must cover exact public PR revision"
    }
  ],
  "summary": {
    "humanInterventionsCorrectlyDetected": 1,
    "submissionGateChecksStopped": 3,
    "injectedDefectsCaught": 7,
    "unauthorizedPublicActions": 0,
    "humanGatesAccidentallyBypassed": 0,
    "secretExposure": 0
  },
  "realSolutionEvidence": {
    "solution": {
      "revision": "7b781a57bcd3027421a96ea24629ffa4831e691f",
      "author": "solver_a",
      "reference": "docs/operations/benchmarks/jobs/job-03/evidence/solution.md"
    },
    "qa": {
      "jobId": "job-03",
      "reviewer": "independent_qa_lab",
      "revision": "7b781a57bcd3027421a96ea24629ffa4831e691f",
      "reviewedRevision": "7b781a57bcd3027421a96ea24629ffa4831e691f",
      "verdict": "PASS",
      "result": "PASS",
      "firstPass": true,
      "iterations": 1,
      "completedAt": "2026-09-17T10:35:43.188418+00:00",
      "checks": {
        "acceptanceCriteria": "PASS",
        "tests": "PASS",
        "regressions": "PASS",
        "explainability": "PASS",
        "prReadiness": "PASS",
        "build": "PASS",
        "lint": "PASS",
        "typecheck": "PASS"
      },
      "evidence": {
        "tests": "go test ./... and go test -race ./... pass including independent tests",
        "lint": "go vet ./... and git diff --check pass",
        "build": "go build ./... passes; compiler performs typecheck",
        "independent": "Empty/repeated ReadFrom, discard + tee, partial downstream write error and tee writer error preserve count/error/body"
      },
      "findings": [],
      "limitations": [
        "Go1.27.1 Linux only; other supported versions not executed"
      ],
      "reference": "docs/operations/benchmarks/jobs/job-03/evidence/QA.md"
    }
  },
  "stateFilesTouched": [
    "docs/operations/benchmarks/control-drills/state.json"
  ]
}
