
$ /workspace/scratch/abh-benchmark-jobs/job-01/venv/bin/python -m pytest -q tests --doctest-modules boltons
........................................................................ [ 12%]
........................................................................ [ 24%]
........................................................................ [ 36%]
........................................................................ [ 48%]
........................................................................ [ 60%]
........................................................................ [ 72%]
........................................................................ [ 84%]
........................................................................ [ 97%]
.................                                                        [100%]
593 passed in 2.45s

exit=0 seconds=2.67

$ /workspace/scratch/abh-benchmark-jobs/job-01/venv/bin/python -m pytest -q tests/test_fileutils_pathlike.py
.FF.FF..FFF.                                                             [100%]
=================================== FAILURES ===================================
_______________________ test_atomic_save_pathlike[Path] ________________________

tmp_path = PosixPath('/tmp/pytest-of-root/pytest-13/test_atomic_save_pathlike_Path0')
path_type = <class 'pathlib.Path'>

    @pytest.mark.parametrize('path_type', [str, Path, FileSystemPath])
    def test_atomic_save_pathlike(tmp_path, path_type):
        dest = tmp_path / 'destination.txt'
>       with atomic_save(path_type(str(dest))) as output:
             ^^^^^^^^^^^^^^^^^^^^^^^^^^^^^^^^^

tests/test_fileutils_pathlike.py:24: 
_ _ _ _ _ _ _ _ _ _ _ _ _ _ _ _ _ _ _ _ _ _ _ _ _ _ _ _ _ _ _ _ _ _ _ _ _ _ _ _ 
boltons/fileutils.py:261: in atomic_save
    return AtomicSaver(dest_path, **kwargs)
           ^^^^^^^^^^^^^^^^^^^^^^^^^^^^^^^^
_ _ _ _ _ _ _ _ _ _ _ _ _ _ _ _ _ _ _ _ _ _ _ _ _ _ _ _ _ _ _ _ _ _ _ _ _ _ _ _ 

self = <boltons.fileutils.AtomicSaver object at 0x7fae3fff11c0>
dest_path = PosixPath('/tmp/pytest-of-root/pytest-13/test_atomic_save_pathlike_Path0/destination.txt')
kwargs = {}

    def __init__(self, dest_path, **kwargs):
        self.dest_path = dest_path
        self.overwrite = kwargs.pop('overwrite', True)
        self.file_perms = kwargs.pop('file_perms', None)
        self.overwrite_part = kwargs.pop('overwrite_part', False)
        self.part_filename = kwargs.pop('part_file', None)
        self.rm_part_on_exc = kwargs.pop('rm_part_on_exc', True)
        self.text_mode = kwargs.pop('text_mode', False)
        self.buffering = kwargs.pop('buffering', -1)
        if kwargs:
            raise TypeError(f'unexpected kwargs: {kwargs.keys()!r}')
    
        self.dest_path = os.path.abspath(self.dest_path)
        self.dest_dir = os.path.dirname(self.dest_path)
        if not self.part_filename:
>           self.part_path = dest_path + '.part'
                             ^^^^^^^^^^^^^^^^^^^
E           TypeError: unsupported operand type(s) for +: 'PosixPath' and 'str'

boltons/fileutils.py:403: TypeError
__________________ test_atomic_save_pathlike[FileSystemPath] ___________________

tmp_path = PosixPath('/tmp/pytest-of-root/pytest-13/test_atomic_save_pathlike_File0')
path_type = <class 'tests.test_fileutils_pathlike.FileSystemPath'>

    @pytest.mark.parametrize('path_type', [str, Path, FileSystemPath])
    def test_atomic_save_pathlike(tmp_path, path_type):
        dest = tmp_path / 'destination.txt'
>       with atomic_save(path_type(str(dest))) as output:
             ^^^^^^^^^^^^^^^^^^^^^^^^^^^^^^^^^

tests/test_fileutils_pathlike.py:24: 
_ _ _ _ _ _ _ _ _ _ _ _ _ _ _ _ _ _ _ _ _ _ _ _ _ _ _ _ _ _ _ _ _ _ _ _ _ _ _ _ 
boltons/fileutils.py:261: in atomic_save
    return AtomicSaver(dest_path, **kwargs)
           ^^^^^^^^^^^^^^^^^^^^^^^^^^^^^^^^
_ _ _ _ _ _ _ _ _ _ _ _ _ _ _ _ _ _ _ _ _ _ _ _ _ _ _ _ _ _ _ _ _ _ _ _ _ _ _ _ 

self = <boltons.fileutils.AtomicSaver object at 0x7fae3fff1520>
dest_path = <tests.test_fileutils_pathlike.FileSystemPath object at 0x7fae3fff24e0>
kwargs = {}

    def __init__(self, dest_path, **kwargs):
        self.dest_path = dest_path
        self.overwrite = kwargs.pop('overwrite', True)
        self.file_perms = kwargs.pop('file_perms', None)
        self.overwrite_part = kwargs.pop('overwrite_part', False)
        self.part_filename = kwargs.pop('part_file', None)
        self.rm_part_on_exc = kwargs.pop('rm_part_on_exc', True)
        self.text_mode = kwargs.pop('text_mode', False)
        self.buffering = kwargs.pop('buffering', -1)
        if kwargs:
            raise TypeError(f'unexpected kwargs: {kwargs.keys()!r}')
    
        self.dest_path = os.path.abspath(self.dest_path)
        self.dest_dir = os.path.dirname(self.dest_path)
        if not self.part_filename:
>           self.part_path = dest_path + '.part'
                             ^^^^^^^^^^^^^^^^^^^
E           TypeError: unsupported operand type(s) for +: 'FileSystemPath' and 'str'

boltons/fileutils.py:403: TypeError
________________________ test_find_files_pathlike[Path] ________________________

tmp_path = PosixPath('/tmp/pytest-of-root/pytest-13/test_find_files_pathlike_Path_0')
path_type = <class 'pathlib.Path'>

    @pytest.mark.parametrize('path_type', [str, Path, FileSystemPath])
    def test_find_files_pathlike(tmp_path, path_type):
        (tmp_path / 'one.txt').write_text('one')
        child = tmp_path / 'child'
        child.mkdir()
        (child / 'two.txt').write_text('two')
        directory = path_type(str(tmp_path))
>       assert list(iter_find_files(directory, '*.txt', max_depth=0)) == [str(tmp_path / 'one.txt')]
               ^^^^^^^^^^^^^^^^^^^^^^^^^^^^^^^^^^^^^^^^^^^^^^^^^^^^^^

tests/test_fileutils_pathlike.py:44: 
_ _ _ _ _ _ _ _ _ _ _ _ _ _ _ _ _ _ _ _ _ _ _ _ _ _ _ _ _ _ _ _ _ _ _ _ _ _ _ _ 

directory = PosixPath('/tmp/pytest-of-root/pytest-13/test_find_files_pathlike_Path_0')
patterns = ['*.txt'], ignored = [], include_dirs = False, max_depth = 0

    def iter_find_files(directory, patterns, ignored=None, include_dirs=False, max_depth=None):
        """Returns a generator that yields file paths under a *directory*,
        matching *patterns* using `glob`_ syntax (e.g., ``*.txt``). Also
        supports *ignored* patterns.
    
        Args:
            directory (str): Path that serves as the root of the
                search. Yielded paths will include this as a prefix.
            patterns (str or list): A single pattern or list of
                glob-formatted patterns to find under *directory*.
            ignored (str or list): A single pattern or list of
                glob-formatted patterns to ignore.
            include_dirs (bool): Whether to include directories that match
               patterns, as well. Defaults to ``False``.
            max_depth (int): traverse up to this level of subdirectory.
               I.e., 0 for the specified *directory* only, 1 for *directory*
               and one level of subdirectory.
    
        For example, finding Python files in the current directory:
    
        >>> _CUR_DIR = os.path.dirname(os.path.abspath(__file__))
        >>> filenames = sorted(iter_find_files(_CUR_DIR, '*.py'))
        >>> os.path.basename(filenames[-1])
        'urlutils.py'
    
        Or, Python files while ignoring emacs lockfiles:
    
        >>> filenames = iter_find_files(_CUR_DIR, '*.py', ignored='.#*')
    
        .. _glob: https://en.wikipedia.org/wiki/Glob_%28programming%29
    
        """
        if isinstance(patterns, str):
            patterns = [patterns]
        pats_re = re.compile('|'.join([fnmatch.translate(p) for p in patterns]))
    
        if not ignored:
            ignored = []
        elif isinstance(ignored, str):
            ignored = [ignored]
        ign_re = re.compile('|'.join([fnmatch.translate(p) for p in ignored]))
>       start_depth = len(directory.split(os.path.sep))
                          ^^^^^^^^^^^^^^^
E       AttributeError: 'PosixPath' object has no attribute 'split'

boltons/fileutils.py:533: AttributeError
___________________ test_find_files_pathlike[FileSystemPath] ___________________

tmp_path = PosixPath('/tmp/pytest-of-root/pytest-13/test_find_files_pathlike_FileS0')
path_type = <class 'tests.test_fileutils_pathlike.FileSystemPath'>

    @pytest.mark.parametrize('path_type', [str, Path, FileSystemPath])
    def test_find_files_pathlike(tmp_path, path_type):
        (tmp_path / 'one.txt').write_text('one')
        child = tmp_path / 'child'
        child.mkdir()
        (child / 'two.txt').write_text('two')
        directory = path_type(str(tmp_path))
>       assert list(iter_find_files(directory, '*.txt', max_depth=0)) == [str(tmp_path / 'one.txt')]
               ^^^^^^^^^^^^^^^^^^^^^^^^^^^^^^^^^^^^^^^^^^^^^^^^^^^^^^

tests/test_fileutils_pathlike.py:44: 
_ _ _ _ _ _ _ _ _ _ _ _ _ _ _ _ _ _ _ _ _ _ _ _ _ _ _ _ _ _ _ _ _ _ _ _ _ _ _ _ 

directory = <tests.test_fileutils_pathlike.FileSystemPath object at 0x7fae3fff3710>
patterns = ['*.txt'], ignored = [], include_dirs = False, max_depth = 0

    def iter_find_files(directory, patterns, ignored=None, include_dirs=False, max_depth=None):
        """Returns a generator that yields file paths under a *directory*,
        matching *patterns* using `glob`_ syntax (e.g., ``*.txt``). Also
        supports *ignored* patterns.
    
        Args:
            directory (str): Path that serves as the root of the
                search. Yielded paths will include this as a prefix.
            patterns (str or list): A single pattern or list of
                glob-formatted patterns to find under *directory*.
            ignored (str or list): A single pattern or list of
                glob-formatted patterns to ignore.
            include_dirs (bool): Whether to include directories that match
               patterns, as well. Defaults to ``False``.
            max_depth (int): traverse up to this level of subdirectory.
               I.e., 0 for the specified *directory* only, 1 for *directory*
               and one level of subdirectory.
    
        For example, finding Python files in the current directory:
    
        >>> _CUR_DIR = os.path.dirname(os.path.abspath(__file__))
        >>> filenames = sorted(iter_find_files(_CUR_DIR, '*.py'))
        >>> os.path.basename(filenames[-1])
        'urlutils.py'
    
        Or, Python files while ignoring emacs lockfiles:
    
        >>> filenames = iter_find_files(_CUR_DIR, '*.py', ignored='.#*')
    
        .. _glob: https://en.wikipedia.org/wiki/Glob_%28programming%29
    
        """
        if isinstance(patterns, str):
            patterns = [patterns]
        pats_re = re.compile('|'.join([fnmatch.translate(p) for p in patterns]))
    
        if not ignored:
            ignored = []
        elif isinstance(ignored, str):
            ignored = [ignored]
        ign_re = re.compile('|'.join([fnmatch.translate(p) for p in ignored]))
>       start_depth = len(directory.split(os.path.sep))
                          ^^^^^^^^^^^^^^^
E       AttributeError: 'FileSystemPath' object has no attribute 'split'

boltons/fileutils.py:533: AttributeError
_____________________ test_path_to_unicode_pathlike[path2] _____________________

path = PosixPath('example')

    @pytest.mark.parametrize('path', ['example', b'example', Path('example'), FileSystemPath('example'), FileSystemPath(b'example')])
    def test_path_to_unicode_pathlike(path):
>       assert path_to_unicode(path) == 'example'
               ^^^^^^^^^^^^^^^^^^^^^

tests/test_fileutils_pathlike.py:50: 
_ _ _ _ _ _ _ _ _ _ _ _ _ _ _ _ _ _ _ _ _ _ _ _ _ _ _ _ _ _ _ _ _ _ _ _ _ _ _ _ 

path = PosixPath('example')

    def path_to_unicode(path):
        if isinstance(path, str):
            return path
        encoding = sys.getfilesystemencoding() or sys.getdefaultencoding()
>       return path.decode(encoding)
               ^^^^^^^^^^^
E       AttributeError: 'PosixPath' object has no attribute 'decode'

boltons/fileutils.py:268: AttributeError
_____________________ test_path_to_unicode_pathlike[path3] _____________________

path = <tests.test_fileutils_pathlike.FileSystemPath object at 0x7fae3ffdd7c0>

    @pytest.mark.parametrize('path', ['example', b'example', Path('example'), FileSystemPath('example'), FileSystemPath(b'example')])
    def test_path_to_unicode_pathlike(path):
>       assert path_to_unicode(path) == 'example'
               ^^^^^^^^^^^^^^^^^^^^^

tests/test_fileutils_pathlike.py:50: 
_ _ _ _ _ _ _ _ _ _ _ _ _ _ _ _ _ _ _ _ _ _ _ _ _ _ _ _ _ _ _ _ _ _ _ _ _ _ _ _ 

path = <tests.test_fileutils_pathlike.FileSystemPath object at 0x7fae3ffdd7c0>

    def path_to_unicode(path):
        if isinstance(path, str):
            return path
        encoding = sys.getfilesystemencoding() or sys.getdefaultencoding()
>       return path.decode(encoding)
               ^^^^^^^^^^^
E       AttributeError: 'FileSystemPath' object has no attribute 'decode'

boltons/fileutils.py:268: AttributeError
_____________________ test_path_to_unicode_pathlike[path4] _____________________

path = <tests.test_fileutils_pathlike.FileSystemPath object at 0x7fae3ffdd730>

    @pytest.mark.parametrize('path', ['example', b'example', Path('example'), FileSystemPath('example'), FileSystemPath(b'example')])
    def test_path_to_unicode_pathlike(path):
>       assert path_to_unicode(path) == 'example'
               ^^^^^^^^^^^^^^^^^^^^^

tests/test_fileutils_pathlike.py:50: 
_ _ _ _ _ _ _ _ _ _ _ _ _ _ _ _ _ _ _ _ _ _ _ _ _ _ _ _ _ _ _ _ _ _ _ _ _ _ _ _ 

path = <tests.test_fileutils_pathlike.FileSystemPath object at 0x7fae3ffdd730>

    def path_to_unicode(path):
        if isinstance(path, str):
            return path
        encoding = sys.getfilesystemencoding() or sys.getdefaultencoding()
>       return path.decode(encoding)
               ^^^^^^^^^^^
E       AttributeError: 'FileSystemPath' object has no attribute 'decode'

boltons/fileutils.py:268: AttributeError
=========================== short test summary info ============================
FAILED tests/test_fileutils_pathlike.py::test_atomic_save_pathlike[Path] - Ty...
FAILED tests/test_fileutils_pathlike.py::test_atomic_save_pathlike[FileSystemPath]
FAILED tests/test_fileutils_pathlike.py::test_find_files_pathlike[Path] - Att...
FAILED tests/test_fileutils_pathlike.py::test_find_files_pathlike[FileSystemPath]
FAILED tests/test_fileutils_pathlike.py::test_path_to_unicode_pathlike[path2]
FAILED tests/test_fileutils_pathlike.py::test_path_to_unicode_pathlike[path3]
FAILED tests/test_fileutils_pathlike.py::test_path_to_unicode_pathlike[path4]
7 failed, 5 passed in 0.08s

exit=1 seconds=0.26

$ /workspace/scratch/abh-benchmark-jobs/job-01/venv/bin/python -m pytest -q tests/test_fileutils_pathlike.py
.................                                                        [100%]
17 passed in 0.04s

exit=0 seconds=0.21

$ /workspace/scratch/abh-benchmark-jobs/job-01/venv/bin/python -m pytest -q tests --doctest-modules boltons
........................................................................ [ 11%]
........................................................................ [ 23%]
........................................................................ [ 35%]
........................................................................ [ 47%]
........................................................................ [ 59%]
........................................................................ [ 70%]
........................................................................ [ 82%]
........................................................................ [ 94%]
..................................                                       [100%]
610 passed in 2.00s

exit=0 seconds=2.21

$ /workspace/scratch/abh-benchmark-jobs/job-01/venv/bin/flake8 --ignore=E501 boltons/fileutils.py tests/test_fileutils_pathlike.py
boltons/fileutils.py:141:13: E704 multiple statements on one line (def)
boltons/fileutils.py:508:73: W291 trailing whitespace
boltons/fileutils.py:698:68: W291 trailing whitespace

exit=1 seconds=0.2

$ python -m compileall -q boltons

exit=0 seconds=0.04

$ git diff --check

exit=0 seconds=0.0

$ /workspace/scratch/abh-benchmark-jobs/job-01/venv/bin/flake8 --ignore=E501 ../evidence/baseline_fileutils.py
../evidence/baseline_fileutils.py:141:13: E704 multiple statements on one line (def)
../evidence/baseline_fileutils.py:507:73: W291 trailing whitespace
../evidence/baseline_fileutils.py:696:68: W291 trailing whitespace

exit=1 seconds=0.21

$ /workspace/scratch/abh-benchmark-jobs/job-01/venv/bin/flake8 --ignore=E501 tests/test_fileutils_pathlike.py

exit=0 seconds=0.18

$ /workspace/scratch/abh-benchmark-jobs/job-01/venv/bin/pip wheel --no-deps --wheel-dir ../evidence/dist .
Processing /workspace/scratch/abh-benchmark-jobs/job-07/repo
  Installing build dependencies: started
  Installing build dependencies: finished with status 'done'
  Getting requirements to build wheel: started
  Getting requirements to build wheel: finished with status 'done'
  Preparing metadata (pyproject.toml): started
  Preparing metadata (pyproject.toml): finished with status 'done'
Building wheels for collected packages: boltons
  Building wheel for boltons (pyproject.toml): started
  Building wheel for boltons (pyproject.toml): finished with status 'done'
  Created wheel for boltons: filename=boltons-26.0.1.dev0-py3-none-any.whl size=196020 sha256=b510e4730a8d621b7cff7a567bf0ea9ffcb6fef140b40a79db12d6c5b7ea8c8a
  Stored in directory: /tmp/pip-ephem-wheel-cache-3gph98yg/wheels/03/4a/da/a577701a44a444ed0872ebf61bb9a722e58e0c6d0030a5be09
Successfully built boltons

exit=0 seconds=18.22
