
$ pytest -q
..........................FFF........................................... [ 54%]
............................................................             [100%]
=================================== FAILURES ===================================
__________________ test_ipython_existing_variable_no_override __________________

tmp_path = PosixPath('/tmp/pytest-of-root/pytest-2/test_ipython_existing_variable0')

    @mock.patch.dict(os.environ, {}, clear=True)
    def test_ipython_existing_variable_no_override(tmp_path):
        from IPython.terminal.embed import InteractiveShellEmbed
    
        dotenv_file = tmp_path / ".env"
        dotenv_file.write_text("a=b\n")
        os.chdir(str(tmp_path))
        os.environ["a"] = "c"
    
        ipshell = InteractiveShellEmbed()
>       ipshell.magic("load_ext dotenv")
        ^^^^^^^^^^^^^
E       AttributeError: 'InteractiveShellEmbed' object has no attribute 'magic'

/workspace/scratch/abh-benchmark-jobs/job-01/repo/tests/test_ipython.py:16: AttributeError
___________________ test_ipython_existing_variable_override ____________________

tmp_path = PosixPath('/tmp/pytest-of-root/pytest-2/test_ipython_existing_variable1')

    @mock.patch.dict(os.environ, {}, clear=True)
    def test_ipython_existing_variable_override(tmp_path):
        from IPython.terminal.embed import InteractiveShellEmbed
    
        dotenv_file = tmp_path / ".env"
        dotenv_file.write_text("a=b\n")
        os.chdir(str(tmp_path))
        os.environ["a"] = "c"
    
        ipshell = InteractiveShellEmbed()
>       ipshell.magic("load_ext dotenv")
        ^^^^^^^^^^^^^
E       AttributeError: 'InteractiveShellEmbed' object has no attribute 'magic'

/workspace/scratch/abh-benchmark-jobs/job-01/repo/tests/test_ipython.py:32: AttributeError
__________________________ test_ipython_new_variable ___________________________

tmp_path = PosixPath('/tmp/pytest-of-root/pytest-2/test_ipython_new_variable0')

    @mock.patch.dict(os.environ, {}, clear=True)
    def test_ipython_new_variable(tmp_path):
        from IPython.terminal.embed import InteractiveShellEmbed
    
        dotenv_file = tmp_path / ".env"
        dotenv_file.write_text("a=b\n")
        os.chdir(str(tmp_path))
    
        ipshell = InteractiveShellEmbed()
>       ipshell.magic("load_ext dotenv")
        ^^^^^^^^^^^^^
E       AttributeError: 'InteractiveShellEmbed' object has no attribute 'magic'

/workspace/scratch/abh-benchmark-jobs/job-01/repo/tests/test_ipython.py:47: AttributeError
=============================== warnings summary ===============================
tests/test_cli.py: 20 warnings
  /workspace/scratch/abh-benchmark-jobs/job-01/repo/tests/conftest.py:8: DeprecationWarning: 'isolated_filesystem' is deprecated and will be removed in Click 9.0. Use 'tempfile.TemporaryDirectory' or pytest's 'tmp_path' fixture with absolute paths instead.
    with runner.isolated_filesystem():

-- Docs: https://docs.pytest.org/en/stable/how-to/capture-warnings.html
=========================== short test summary info ============================
FAILED tests/test_ipython.py::test_ipython_existing_variable_no_override - At...
FAILED tests/test_ipython.py::test_ipython_existing_variable_override - Attri...
FAILED tests/test_ipython.py::test_ipython_new_variable - AttributeError: 'In...
3 failed, 129 passed, 20 warnings in 0.72s

exit=1 seconds=1.03

$ flake8 src tests
src/dotenv/variables.py:3:1: F401 'typing.Pattern' imported but unused

exit=1 seconds=0.2

$ python ../evidence/reproduce.py
/workspace/scratch/abh-benchmark-jobs/job-01/repo/../evidence/reproduce.py:7: DeprecationWarning: 'isolated_filesystem' is deprecated and will be removed in Click 9.0. Use 'tempfile.TemporaryDirectory' or pytest's 'tmp_path' fixture with absolute paths instead.
  with r.isolated_filesystem():
$ dotenv set USER=foo 
exit= 2 
Usage: cli set [OPTIONS] KEY VALUE
Try 'cli set --help' for help.

Error: Missing argument 'VALUE'.

$ dotenv set EMAIL=foo@example.org 
exit= 2 
Usage: cli set [OPTIONS] KEY VALUE
Try 'cli set --help' for help.

Error: Missing argument 'VALUE'.

Control: dotenv set USER foo
exit= 0 
USER=foo

file: USER='foo'


exit=0 seconds=0.1

$ python ../evidence/check_readme.py
/workspace/scratch/abh-benchmark-jobs/job-01/repo/../evidence/check_readme.py:9: DeprecationWarning: 'isolated_filesystem' is deprecated and will be removed in Click 9.0. Use 'tempfile.TemporaryDirectory' or pytest's 'tmp_path' fixture with absolute paths instead.
  with runner.isolated_filesystem():
PASS: dotenv set USER foo
PASS: dotenv set EMAIL foo@example.org
PASS: persisted USER and EMAIL match documented values

exit=0 seconds=0.07

$ pytest -q tests/test_cli.py
..........................                                               [100%]
=============================== warnings summary ===============================
tests/test_cli.py: 20 warnings
  /workspace/scratch/abh-benchmark-jobs/job-01/repo/tests/conftest.py:8: DeprecationWarning: 'isolated_filesystem' is deprecated and will be removed in Click 9.0. Use 'tempfile.TemporaryDirectory' or pytest's 'tmp_path' fixture with absolute paths instead.
    with runner.isolated_filesystem():

-- Docs: https://docs.pytest.org/en/stable/how-to/capture-warnings.html
26 passed, 20 warnings in 0.45s

exit=0 seconds=0.64

$ flake8 src tests
src/dotenv/variables.py:3:1: F401 'typing.Pattern' imported but unused

exit=1 seconds=0.22

$ python setup.py sdist bdist_wheel
/workspace/scratch/abh-benchmark-jobs/job-01/venv/lib/python3.12/site-packages/setuptools/dist.py:765: SetuptoolsDeprecationWarning: License classifiers are deprecated.
!!

        ********************************************************************************
        Please consider removing the following classifiers in favor of a SPDX license expression:

        License :: OSI Approved :: BSD License

        See https://packaging.python.org/en/latest/guides/writing-pyproject-toml/#license for details.
        ********************************************************************************

!!
  self._finalize_license_expression()
running sdist
running egg_info
writing src/python_dotenv.egg-info/PKG-INFO
writing dependency_links to src/python_dotenv.egg-info/dependency_links.txt
writing entry points to src/python_dotenv.egg-info/entry_points.txt
writing requirements to src/python_dotenv.egg-info/requires.txt
writing top-level names to src/python_dotenv.egg-info/top_level.txt
reading manifest file 'src/python_dotenv.egg-info/SOURCES.txt'
reading manifest template 'MANIFEST.in'
warning: no files found matching '*.yml'
warning: no files found matching '.bumpversion.cfg'
warning: no files found matching '.coveragerc'
adding license file 'LICENSE'
writing manifest file 'src/python_dotenv.egg-info/SOURCES.txt'
running check
creating python_dotenv-0.18.0
creating python_dotenv-0.18.0/src/dotenv
creating python_dotenv-0.18.0/src/python_dotenv.egg-info
creating python_dotenv-0.18.0/tests
copying files to python_dotenv-0.18.0...
copying .editorconfig -> python_dotenv-0.18.0
copying CHANGELOG.md -> python_dotenv-0.18.0
copying CONTRIBUTING.md -> python_dotenv-0.18.0
copying LICENSE -> python_dotenv-0.18.0
copying MANIFEST.in -> python_dotenv-0.18.0
copying Makefile -> python_dotenv-0.18.0
copying README.md -> python_dotenv-0.18.0
copying pyproject.toml -> python_dotenv-0.18.0
copying requirements.txt -> python_dotenv-0.18.0
copying setup.cfg -> python_dotenv-0.18.0
copying setup.py -> python_dotenv-0.18.0
copying tox.ini -> python_dotenv-0.18.0
copying src/dotenv/__init__.py -> python_dotenv-0.18.0/src/dotenv
copying src/dotenv/cli.py -> python_dotenv-0.18.0/src/dotenv
copying src/dotenv/ipython.py -> python_dotenv-0.18.0/src/dotenv
copying src/dotenv/main.py -> python_dotenv-0.18.0/src/dotenv
copying src/dotenv/parser.py -> python_dotenv-0.18.0/src/dotenv
copying src/dotenv/py.typed -> python_dotenv-0.18.0/src/dotenv
copying src/dotenv/variables.py -> python_dotenv-0.18.0/src/dotenv
copying src/dotenv/version.py -> python_dotenv-0.18.0/src/dotenv
copying src/python_dotenv.egg-info/PKG-INFO -> python_dotenv-0.18.0/src/python_dotenv.egg-info
copying src/python_dotenv.egg-info/SOURCES.txt -> python_dotenv-0.18.0/src/python_dotenv.egg-info
copying src/python_dotenv.egg-info/dependency_links.txt -> python_dotenv-0.18.0/src/python_dotenv.egg-info
copying src/python_dotenv.egg-info/entry_points.txt -> python_dotenv-0.18.0/src/python_dotenv.egg-info
copying src/python_dotenv.egg-info/requires.txt -> python_dotenv-0.18.0/src/python_dotenv.egg-info
copying src/python_dotenv.egg-info/top_level.txt -> python_dotenv-0.18.0/src/python_dotenv.egg-info
copying tests/__init__.py -> python_dotenv-0.18.0/tests
copying tests/conftest.py -> python_dotenv-0.18.0/tests
copying tests/test_cli.py -> python_dotenv-0.18.0/tests
copying tests/test_ipython.py -> python_dotenv-0.18.0/tests
copying tests/test_main.py -> python_dotenv-0.18.0/tests
copying tests/test_parser.py -> python_dotenv-0.18.0/tests
copying tests/test_utils.py -> python_dotenv-0.18.0/tests
copying tests/test_variables.py -> python_dotenv-0.18.0/tests
Writing python_dotenv-0.18.0/setup.cfg
creating dist
Creating tar archive
removing 'python_dotenv-0.18.0' (and everything under it)
running bdist_wheel
/workspace/scratch/abh-benchmark-jobs/job-01/venv/lib/python3.12/site-packages/setuptools/_distutils/cmd.py:119: SetuptoolsDeprecationWarning: bdist_wheel.universal is deprecated
!!

        ********************************************************************************
        With Python 2.7 end-of-life, support for building universal wheels
        (i.e., wheels that support both Python 2 and Python 3)
        is being obviated.
        Please discontinue using this option, or if you still need it,
        file an issue with pypa/setuptools describing your use case.

        This deprecation is overdue, please update your project and remove deprecated
        calls to avoid build errors in the future.
        ********************************************************************************

!!
  self.finalize_options()
running build
running build_py
creating build/lib/dotenv
copying src/dotenv/ipython.py -> build/lib/dotenv
copying src/dotenv/cli.py -> build/lib/dotenv
copying src/dotenv/main.py -> build/lib/dotenv
copying src/dotenv/parser.py -> build/lib/dotenv
copying src/dotenv/__init__.py -> build/lib/dotenv
copying src/dotenv/version.py -> build/lib/dotenv
copying src/dotenv/variables.py -> build/lib/dotenv
copying src/dotenv/py.typed -> build/lib/dotenv
/workspace/scratch/abh-benchmark-jobs/job-01/venv/lib/python3.12/site-packages/setuptools/_distutils/cmd.py:90: SetuptoolsDeprecationWarning: setup.py install is deprecated.
!!

        ********************************************************************************
        Please avoid running ``setup.py`` directly.
        Instead, use pypa/build, pypa/installer or other
        standards-based tools.

        This deprecation is overdue, please update your project and remove deprecated
        calls to avoid build errors in the future.

        See https://blog.ganssle.io/articles/2021/10/setup-py-deprecated.html for details.
        ********************************************************************************

!!
  self.initialize_options()
installing to build/bdist.linux-x86_64/wheel
running install
running install_lib
creating build/bdist.linux-x86_64/wheel
creating build/bdist.linux-x86_64/wheel/dotenv
copying build/lib/dotenv/ipython.py -> build/bdist.linux-x86_64/wheel/./dotenv
copying build/lib/dotenv/cli.py -> build/bdist.linux-x86_64/wheel/./dotenv
copying build/lib/dotenv/main.py -> build/bdist.linux-x86_64/wheel/./dotenv
copying build/lib/dotenv/parser.py -> build/bdist.linux-x86_64/wheel/./dotenv
copying build/lib/dotenv/__init__.py -> build/bdist.linux-x86_64/wheel/./dotenv
copying build/lib/dotenv/version.py -> build/bdist.linux-x86_64/wheel/./dotenv
copying build/lib/dotenv/py.typed -> build/bdist.linux-x86_64/wheel/./dotenv
copying build/lib/dotenv/variables.py -> build/bdist.linux-x86_64/wheel/./dotenv
running install_egg_info
Copying src/python_dotenv.egg-info to build/bdist.linux-x86_64/wheel/./python_dotenv-0.18.0-py3.12.egg-info
running install_scripts
creating build/bdist.linux-x86_64/wheel/python_dotenv-0.18.0.dist-info/WHEEL
creating 'dist/python_dotenv-0.18.0-py2.py3-none-any.whl' and adding 'build/bdist.linux-x86_64/wheel' to it
adding 'dotenv/__init__.py'
adding 'dotenv/cli.py'
adding 'dotenv/ipython.py'
adding 'dotenv/main.py'
adding 'dotenv/parser.py'
adding 'dotenv/py.typed'
adding 'dotenv/variables.py'
adding 'dotenv/version.py'
adding 'python_dotenv-0.18.0.dist-info/licenses/LICENSE'
adding 'python_dotenv-0.18.0.dist-info/METADATA'
adding 'python_dotenv-0.18.0.dist-info/WHEEL'
adding 'python_dotenv-0.18.0.dist-info/entry_points.txt'
adding 'python_dotenv-0.18.0.dist-info/top_level.txt'
adding 'python_dotenv-0.18.0.dist-info/RECORD'
removing build/bdist.linux-x86_64/wheel

exit=0 seconds=0.19

$ pip install "ipython<8"
Collecting ipython<8
  Downloading ipython-7.34.0-py3-none-any.whl.metadata (4.3 kB)
Collecting setuptools>=18.5 (from ipython<8)
  Using cached setuptools-84.0.0-py3-none-any.whl.metadata (6.6 kB)
Requirement already satisfied: jedi>=0.16 in /workspace/scratch/abh-benchmark-jobs/job-01/venv/lib/python3.12/site-packages (from ipython<8) (0.20.0)
Collecting decorator (from ipython<8)
  Downloading decorator-5.3.1-py3-none-any.whl.metadata (3.9 kB)
Collecting pickleshare (from ipython<8)
  Downloading pickleshare-0.7.5-py2.py3-none-any.whl.metadata (1.5 kB)
Requirement already satisfied: traitlets>=4.2 in /workspace/scratch/abh-benchmark-jobs/job-01/venv/lib/python3.12/site-packages (from ipython<8) (5.16.1)
Requirement already satisfied: prompt-toolkit!=3.0.0,!=3.0.1,<3.1.0,>=2.0.0 in /workspace/scratch/abh-benchmark-jobs/job-01/venv/lib/python3.12/site-packages (from ipython<8) (3.0.53)
Requirement already satisfied: pygments in /workspace/scratch/abh-benchmark-jobs/job-01/venv/lib/python3.12/site-packages (from ipython<8) (2.21.0)
Collecting backcall (from ipython<8)
  Downloading backcall-0.2.0-py2.py3-none-any.whl.metadata (2.0 kB)
Requirement already satisfied: matplotlib-inline in /workspace/scratch/abh-benchmark-jobs/job-01/venv/lib/python3.12/site-packages (from ipython<8) (0.2.2)
Requirement already satisfied: pexpect>4.3 in /workspace/scratch/abh-benchmark-jobs/job-01/venv/lib/python3.12/site-packages (from ipython<8) (4.9.0)
Requirement already satisfied: parso<0.9.0,>=0.8.6 in /workspace/scratch/abh-benchmark-jobs/job-01/venv/lib/python3.12/site-packages (from jedi>=0.16->ipython<8) (0.8.7)
Requirement already satisfied: ptyprocess>=0.5 in /workspace/scratch/abh-benchmark-jobs/job-01/venv/lib/python3.12/site-packages (from pexpect>4.3->ipython<8) (0.7.0)
Requirement already satisfied: wcwidth>=0.1.4 in /workspace/scratch/abh-benchmark-jobs/job-01/venv/lib/python3.12/site-packages (from prompt-toolkit!=3.0.0,!=3.0.1,<3.1.0,>=2.0.0->ipython<8) (0.8.3)
Downloading ipython-7.34.0-py3-none-any.whl (793 kB)
   ━━━━━━━━━━━━━━━━━━━━━━━━━━━━━━━━━━━━━━━━ 793.8/793.8 kB 10.2 MB/s eta 0:00:00
Using cached setuptools-84.0.0-py3-none-any.whl (818 kB)
Downloading backcall-0.2.0-py2.py3-none-any.whl (11 kB)
Downloading decorator-5.3.1-py3-none-any.whl (10 kB)
Downloading pickleshare-0.7.5-py2.py3-none-any.whl (6.9 kB)
Installing collected packages: pickleshare, backcall, setuptools, decorator, ipython
  Attempting uninstall: ipython
    Found existing installation: ipython 9.17.1
    Uninstalling ipython-9.17.1:
      Successfully uninstalled ipython-9.17.1
Successfully installed backcall-0.2.0 decorator-5.3.1 ipython-7.34.0 pickleshare-0.7.5 setuptools-84.0.0

exit=0 seconds=30.13

$ pytest -q
........................................................................ [ 54%]
............................................................             [100%]
=============================== warnings summary ===============================
tests/test_cli.py: 20 warnings
  /workspace/scratch/abh-benchmark-jobs/job-01/repo/tests/conftest.py:8: DeprecationWarning: 'isolated_filesystem' is deprecated and will be removed in Click 9.0. Use 'tempfile.TemporaryDirectory' or pytest's 'tmp_path' fixture with absolute paths instead.
    with runner.isolated_filesystem():

tests/test_ipython.py::test_ipython_existing_variable_no_override
tests/test_ipython.py::test_ipython_existing_variable_override
tests/test_ipython.py::test_ipython_new_variable
  /workspace/scratch/abh-benchmark-jobs/job-01/venv/lib/python3.12/site-packages/IPython/core/history.py:568: DeprecationWarning: The default datetime adapter is deprecated as of Python 3.12; see the sqlite3 documentation for suggested replacement recipes
    cur = conn.execute("""INSERT INTO sessions VALUES (NULL, ?, NULL,

tests/test_main.py::test_load_dotenv_in_current_dir
  /workspace/scratch/abh-benchmark-jobs/job-01/venv/lib/python3.12/site-packages/sh.py:1955: DeprecationWarning: This process (pid=7) is multi-threaded, use of fork() may lead to deadlocks in the child.
    self.pid = os.fork()

-- Docs: https://docs.pytest.org/en/stable/how-to/capture-warnings.html
132 passed, 24 warnings in 0.78s

exit=0 seconds=1.24

Setup commands: python -m venv ../venv; ../venv/bin/pip install -e ".[cli]" pytest mock sh ipython flake8 wheel "mypy<0.900" (failed; setup.log); retry ../venv/bin/pip install -e ".[cli]" pytest mock "sh<2" ipython flake8 wheel (PASS; setup-compatible.log).
Freeze: git add README.md; git commit -m "docs: correct dotenv set command syntax"; revision 793425f99da7da72fd30ad42c70925393b61bae5
