Obtaining file:///workspace/scratch/abh-benchmark-jobs/job-01/repo
  Installing build dependencies: started
  Installing build dependencies: finished with status 'done'
  Checking if build backend supports build_editable: started
  Checking if build backend supports build_editable: finished with status 'done'
  Getting requirements to build editable: started
  Getting requirements to build editable: finished with status 'done'
  Preparing editable metadata (pyproject.toml): started
  Preparing editable metadata (pyproject.toml): finished with status 'done'
Collecting pytest
  Using cached pytest-9.1.1-py3-none-any.whl.metadata (7.6 kB)
Collecting mock
  Using cached mock-5.2.0-py3-none-any.whl.metadata (3.1 kB)
Collecting sh<2
  Downloading sh-1.14.3.tar.gz (62 kB)
  Installing build dependencies: started
  Installing build dependencies: finished with status 'done'
  Getting requirements to build wheel: started
  Getting requirements to build wheel: finished with status 'done'
  Preparing metadata (pyproject.toml): started
  Preparing metadata (pyproject.toml): finished with status 'done'
Collecting ipython
  Using cached ipython-9.17.1-py3-none-any.whl.metadata (4.6 kB)
Collecting flake8
  Using cached flake8-7.3.0-py2.py3-none-any.whl.metadata (3.8 kB)
Collecting wheel
  Using cached wheel-0.48.0-py3-none-any.whl.metadata (2.3 kB)
Collecting iniconfig>=1.0.1 (from pytest)
  Using cached iniconfig-2.3.0-py3-none-any.whl.metadata (2.5 kB)
Collecting packaging>=22 (from pytest)
  Using cached packaging-26.3-py3-none-any.whl.metadata (3.5 kB)
Collecting pluggy<2,>=1.5 (from pytest)
  Using cached pluggy-1.6.0-py3-none-any.whl.metadata (4.8 kB)
Collecting pygments>=2.7.2 (from pytest)
  Using cached pygments-2.21.0-py3-none-any.whl.metadata (2.5 kB)
Collecting ipython-pygments-lexers>=1.0.0 (from ipython)
  Using cached ipython_pygments_lexers-1.1.1-py3-none-any.whl.metadata (1.1 kB)
Collecting jedi>=0.18.2 (from ipython)
  Using cached jedi-0.20.0-py2.py3-none-any.whl.metadata (23 kB)
Collecting matplotlib-inline>=0.1.6 (from ipython)
  Using cached matplotlib_inline-0.2.2-py3-none-any.whl.metadata (2.4 kB)
Collecting pexpect>4.6 (from ipython)
  Using cached pexpect-4.9.0-py2.py3-none-any.whl.metadata (2.5 kB)
Collecting prompt_toolkit<3.1.0,>=3.0.41 (from ipython)
  Using cached prompt_toolkit-3.0.53-py3-none-any.whl.metadata (6.4 kB)
Collecting psutil>=7 (from ipython)
  Using cached psutil-7.2.2-cp36-abi3-manylinux2010_x86_64.manylinux_2_12_x86_64.manylinux_2_28_x86_64.whl.metadata (22 kB)
Collecting stack_data>=0.6.0 (from ipython)
  Using cached stack_data-0.6.3-py3-none-any.whl.metadata (18 kB)
Collecting traitlets>=5.13.0 (from ipython)
  Using cached traitlets-5.16.1-py3-none-any.whl.metadata (10 kB)
Collecting mccabe<0.8.0,>=0.7.0 (from flake8)
  Using cached mccabe-0.7.0-py2.py3-none-any.whl.metadata (5.0 kB)
Collecting pycodestyle<2.15.0,>=2.14.0 (from flake8)
  Using cached pycodestyle-2.14.0-py2.py3-none-any.whl.metadata (4.5 kB)
Collecting pyflakes<3.5.0,>=3.4.0 (from flake8)
  Using cached pyflakes-3.4.0-py2.py3-none-any.whl.metadata (3.5 kB)
Collecting click>=5.0 (from python-dotenv==0.18.0)
  Using cached click-8.5.0-py3-none-any.whl.metadata (2.6 kB)
Collecting parso<0.9.0,>=0.8.6 (from jedi>=0.18.2->ipython)
  Using cached parso-0.8.7-py2.py3-none-any.whl.metadata (8.2 kB)
Collecting ptyprocess>=0.5 (from pexpect>4.6->ipython)
  Using cached ptyprocess-0.7.0-py2.py3-none-any.whl.metadata (1.3 kB)
Collecting wcwidth>=0.1.4 (from prompt_toolkit<3.1.0,>=3.0.41->ipython)
  Using cached wcwidth-0.8.3-py3-none-any.whl.metadata (43 kB)
Collecting executing>=1.2.0 (from stack_data>=0.6.0->ipython)
  Using cached executing-2.2.1-py2.py3-none-any.whl.metadata (8.9 kB)
Collecting asttokens>=2.1.0 (from stack_data>=0.6.0->ipython)
  Using cached asttokens-3.0.2-py3-none-any.whl.metadata (5.7 kB)
Collecting pure-eval (from stack_data>=0.6.0->ipython)
  Using cached pure_eval-0.2.4-py3-none-any.whl.metadata (6.4 kB)
Using cached pytest-9.1.1-py3-none-any.whl (386 kB)
Using cached mock-5.2.0-py3-none-any.whl (31 kB)
Using cached ipython-9.17.1-py3-none-any.whl (639 kB)
Using cached flake8-7.3.0-py2.py3-none-any.whl (57 kB)
Using cached wheel-0.48.0-py3-none-any.whl (33 kB)
Using cached click-8.5.0-py3-none-any.whl (125 kB)
Using cached iniconfig-2.3.0-py3-none-any.whl (7.5 kB)
Using cached ipython_pygments_lexers-1.1.1-py3-none-any.whl (8.1 kB)
Using cached jedi-0.20.0-py2.py3-none-any.whl (4.9 MB)
Using cached matplotlib_inline-0.2.2-py3-none-any.whl (9.5 kB)
Using cached mccabe-0.7.0-py2.py3-none-any.whl (7.3 kB)
Using cached packaging-26.3-py3-none-any.whl (129 kB)
Using cached pexpect-4.9.0-py2.py3-none-any.whl (63 kB)
Using cached pluggy-1.6.0-py3-none-any.whl (20 kB)
Using cached prompt_toolkit-3.0.53-py3-none-any.whl (392 kB)
Using cached psutil-7.2.2-cp36-abi3-manylinux2010_x86_64.manylinux_2_12_x86_64.manylinux_2_28_x86_64.whl (155 kB)
Using cached pycodestyle-2.14.0-py2.py3-none-any.whl (31 kB)
Using cached pyflakes-3.4.0-py2.py3-none-any.whl (63 kB)
Using cached pygments-2.21.0-py3-none-any.whl (1.3 MB)
Using cached stack_data-0.6.3-py3-none-any.whl (24 kB)
Using cached traitlets-5.16.1-py3-none-any.whl (86 kB)
Using cached asttokens-3.0.2-py3-none-any.whl (28 kB)
Using cached executing-2.2.1-py2.py3-none-any.whl (28 kB)
Using cached parso-0.8.7-py2.py3-none-any.whl (107 kB)
Using cached ptyprocess-0.7.0-py2.py3-none-any.whl (13 kB)
Using cached wcwidth-0.8.3-py3-none-any.whl (331 kB)
Using cached pure_eval-0.2.4-py3-none-any.whl (11 kB)
Building wheels for collected packages: sh, python-dotenv
  Building wheel for sh (pyproject.toml): started
  Building wheel for sh (pyproject.toml): finished with status 'done'
  Created wheel for sh: filename=sh-1.14.3-py2.py3-none-any.whl size=39726 sha256=ea0ad97e38d259dd17c3636510277d7f1abc1474c38c76b9b2ae73f71b46a882
  Stored in directory: /root/.cache/pip/wheels/f9/15/01/d0af473c9096854dafe2fa208b478897a1ae0aa543423ee64c
  Building editable for python-dotenv (pyproject.toml): started
  Building editable for python-dotenv (pyproject.toml): finished with status 'done'
  Created wheel for python-dotenv: filename=python_dotenv-0.18.0-0.editable-py2.py3-none-any.whl size=8654 sha256=1cf6af091a5d30abafe72bdb9aa806b6106d49220d5fc762b0b3e8a2a7addd8b
  Stored in directory: /tmp/pip-ephem-wheel-cache-eciat0gp/wheels/dc/8a/2e/8a76105ac68cbe97bb8c99d8408a3005596e253bb2bca49eb5
Successfully built sh python-dotenv
Installing collected packages: sh, pure-eval, ptyprocess, wcwidth, traitlets, python-dotenv, pygments, pyflakes, pycodestyle, psutil, pluggy, pexpect, parso, packaging, mock, mccabe, iniconfig, executing, click, asttokens, wheel, stack_data, pytest, prompt_toolkit, matplotlib-inline, jedi, ipython-pygments-lexers, flake8, ipython
Successfully installed asttokens-3.0.2 click-8.5.0 executing-2.2.1 flake8-7.3.0 iniconfig-2.3.0 ipython-9.17.1 ipython-pygments-lexers-1.1.1 jedi-0.20.0 matplotlib-inline-0.2.2 mccabe-0.7.0 mock-5.2.0 packaging-26.3 parso-0.8.7 pexpect-4.9.0 pluggy-1.6.0 prompt_toolkit-3.0.53 psutil-7.2.2 ptyprocess-0.7.0 pure-eval-0.2.4 pycodestyle-2.14.0 pyflakes-3.4.0 pygments-2.21.0 pytest-9.1.1 python-dotenv-0.18.0 sh-1.14.3 stack_data-0.6.3 traitlets-5.16.1 wcwidth-0.8.3 wheel-0.48.0
