
[2026-09-17T10:30:01.244190+00:00] $ /workspace/scratch/abh-toolchains/go/bin/go test . -run TestPattern -count=1
--- FAIL: TestPatternNestedRoutes (0.00s)
    --- FAIL: TestPatternNestedRoutes/Route (0.00s)
        pattern_test.go:74: Pattern = "/files/*", RoutePattern = "/users/{userID}/files/*"
        pattern_test.go:93: middleware Pattern = "/files/*"
    --- FAIL: TestPatternNestedRoutes/Mount (0.00s)
        pattern_test.go:74: Pattern = "/files/*", RoutePattern = "/users/{userID}/files/*"
        pattern_test.go:93: middleware Pattern = "/files/*"
FAIL
FAIL	github.com/go-chi/chi/v5	0.006s
FAIL

EXIT 1

[2026-09-17T10:31:25.752535+00:00] $ /workspace/scratch/abh-toolchains/go/bin/gofmt -w pattern_test.go

EXIT 0

[2026-09-17T10:31:26.471953+00:00] $ /workspace/scratch/abh-toolchains/go/bin/go test . -run TestPattern -count=1
ok  	github.com/go-chi/chi/v5	0.005s

EXIT 0

[2026-09-17T10:31:35.884349+00:00] $ /workspace/scratch/abh-toolchains/go/bin/go vet ./...

EXIT 0

[2026-09-17T10:31:36.253508+00:00] $ /workspace/scratch/abh-toolchains/go/bin/go build ./...

EXIT 0

[2026-09-17T10:31:36.290595+00:00] $ git diff --check

EXIT 0

[2026-09-17T10:32:04.461673+00:00] $ /workspace/scratch/abh-toolchains/go/bin/go test -race ./...
ok  	github.com/go-chi/chi/v5	13.535s
ok  	github.com/go-chi/chi/v5/middleware	27.339s

EXIT 0

[2026-09-17T10:32:58.603382+00:00] $ git switch -c solver-b/job-04-request-pattern
Switched to a new branch 'solver-b/job-04-request-pattern'

EXIT 0

[2026-09-17T10:32:58.634919+00:00] $ git add mux.go pattern_test.go

EXIT 0

[2026-09-17T10:32:58.669556+00:00] $ git -c user.name=solver_b -c user.email=solver_b@simulation.invalid commit -m Populate request Pattern with the composed route pattern
[solver-b/job-04-request-pattern 81d28b4] Populate request Pattern with the composed route pattern
 2 files changed, 42 insertions(+), 1 deletion(-)

EXIT 0

[2026-09-17T10:32:58.701029+00:00] $ git status --short

EXIT 0
