
$ /workspace/scratch/abh-independent-control-qa/venv/bin/python -m unittest -q tests.test_independent_window
----------------------------------------------------------------------
Ran 4 tests in 0.008s

OK

exit=0 seconds=0.05

$ git diff HEAD^ HEAD --check

exit=0 seconds=0.01

$ /workspace/scratch/abh-independent-control-qa/venv/bin/pip install mypy black sphinx sphinx_rtd_theme
Collecting mypy
  Using cached mypy-2.3.1-cp312-cp312-manylinux2014_x86_64.manylinux_2_17_x86_64.manylinux_2_28_x86_64.whl.metadata (2.4 kB)
Collecting black
  Using cached black-26.5.1-cp312-cp312-manylinux2014_x86_64.manylinux_2_17_x86_64.manylinux_2_28_x86_64.whl.metadata (95 kB)
Collecting sphinx
  Downloading sphinx-9.1.0-py3-none-any.whl.metadata (5.8 kB)
Collecting sphinx_rtd_theme
  Downloading sphinx_rtd_theme-3.1.0-py2.py3-none-any.whl.metadata (4.5 kB)
Collecting typing_extensions>=4.6.0 (from mypy)
  Using cached typing_extensions-4.16.0-py3-none-any.whl.metadata (3.3 kB)
Collecting mypy_extensions>=1.0.0 (from mypy)
  Using cached mypy_extensions-1.1.0-py3-none-any.whl.metadata (1.1 kB)
Collecting pathspec>=1.0.0 (from mypy)
  Using cached pathspec-1.1.1-py3-none-any.whl.metadata (14 kB)
Collecting librt>=0.13.0 (from mypy)
  Using cached librt-0.15.0-cp312-cp312-manylinux2014_x86_64.manylinux_2_17_x86_64.manylinux_2_28_x86_64.whl.metadata (1.3 kB)
Collecting ast-serialize<1.0.0,>=0.6.0 (from mypy)
  Using cached ast_serialize-0.11.2-cp39-abi3-manylinux_2_17_x86_64.manylinux2014_x86_64.whl.metadata (1.4 kB)
Collecting click>=8.0.0 (from black)
  Using cached click-8.5.0-py3-none-any.whl.metadata (2.6 kB)
Requirement already satisfied: packaging>=22.0 in /workspace/scratch/abh-independent-control-qa/venv/lib/python3.12/site-packages (from black) (26.3)
Collecting platformdirs>=2 (from black)
  Using cached platformdirs-4.11.9-py3-none-any.whl.metadata (5.5 kB)
Collecting pytokens~=0.4.0 (from black)
  Using cached pytokens-0.4.1-cp312-cp312-manylinux2014_x86_64.manylinux_2_17_x86_64.manylinux_2_28_x86_64.whl.metadata (3.8 kB)
Collecting sphinxcontrib-applehelp>=1.0.7 (from sphinx)
  Downloading sphinxcontrib_applehelp-2.0.0-py3-none-any.whl.metadata (2.3 kB)
Collecting sphinxcontrib-devhelp>=1.0.6 (from sphinx)
  Downloading sphinxcontrib_devhelp-2.0.0-py3-none-any.whl.metadata (2.3 kB)
Collecting sphinxcontrib-htmlhelp>=2.0.6 (from sphinx)
  Downloading sphinxcontrib_htmlhelp-2.1.0-py3-none-any.whl.metadata (2.3 kB)
Collecting sphinxcontrib-jsmath>=1.0.1 (from sphinx)
  Downloading sphinxcontrib_jsmath-1.0.1-py2.py3-none-any.whl.metadata (1.4 kB)
Collecting sphinxcontrib-qthelp>=1.0.6 (from sphinx)
  Downloading sphinxcontrib_qthelp-2.0.0-py3-none-any.whl.metadata (2.3 kB)
Collecting sphinxcontrib-serializinghtml>=1.1.9 (from sphinx)
  Downloading sphinxcontrib_serializinghtml-2.0.0-py3-none-any.whl.metadata (2.4 kB)
Collecting Jinja2>=3.1 (from sphinx)
  Downloading jinja2-3.1.6-py3-none-any.whl.metadata (2.9 kB)
Requirement already satisfied: Pygments>=2.17 in /workspace/scratch/abh-independent-control-qa/venv/lib/python3.12/site-packages (from sphinx) (2.21.0)
Collecting docutils<0.23,>=0.21 (from sphinx)
  Downloading docutils-0.22.4-py3-none-any.whl.metadata (15 kB)
Collecting snowballstemmer>=2.2 (from sphinx)
  Downloading snowballstemmer-3.1.1-py3-none-any.whl.metadata (7.9 kB)
Collecting babel>=2.13 (from sphinx)
  Downloading babel-2.18.0-py3-none-any.whl.metadata (2.2 kB)
Collecting alabaster>=0.7.14 (from sphinx)
  Downloading alabaster-1.0.0-py3-none-any.whl.metadata (2.8 kB)
Collecting imagesize>=1.3 (from sphinx)
  Downloading imagesize-2.0.1-py3-none-any.whl.metadata (7.0 kB)
Collecting requests>=2.30.0 (from sphinx)
  Downloading requests-2.34.2-py3-none-any.whl.metadata (4.8 kB)
Collecting roman-numerals>=1.0.0 (from sphinx)
  Downloading roman_numerals-4.1.0-py3-none-any.whl.metadata (3.3 kB)
Collecting sphinxcontrib-jquery<5,>=4 (from sphinx_rtd_theme)
  Downloading sphinxcontrib_jquery-4.1-py2.py3-none-any.whl.metadata (2.6 kB)
Collecting MarkupSafe>=2.0 (from Jinja2>=3.1->sphinx)
  Downloading markupsafe-3.0.3-cp312-cp312-manylinux2014_x86_64.manylinux_2_17_x86_64.manylinux_2_28_x86_64.whl.metadata (2.7 kB)
Collecting charset_normalizer<4,>=2 (from requests>=2.30.0->sphinx)
  Downloading charset_normalizer-3.5.1-cp312-cp312-manylinux2014_x86_64.manylinux_2_17_x86_64.manylinux_2_28_x86_64.whl.metadata (45 kB)
Collecting idna<4,>=2.5 (from requests>=2.30.0->sphinx)
  Downloading idna-3.19-py3-none-any.whl.metadata (9.2 kB)
Collecting urllib3<3,>=1.26 (from requests>=2.30.0->sphinx)
  Downloading urllib3-2.8.0-py3-none-any.whl.metadata (7.4 kB)
Collecting certifi>=2023.5.7 (from requests>=2.30.0->sphinx)
  Downloading certifi-2026.7.22-py3-none-any.whl.metadata (2.5 kB)
Using cached mypy-2.3.1-cp312-cp312-manylinux2014_x86_64.manylinux_2_17_x86_64.manylinux_2_28_x86_64.whl (15.3 MB)
Using cached black-26.5.1-cp312-cp312-manylinux2014_x86_64.manylinux_2_17_x86_64.manylinux_2_28_x86_64.whl (1.9 MB)
Downloading sphinx-9.1.0-py3-none-any.whl (3.9 MB)
   ━━━━━━━━━━━━━━━━━━━━━━━━━━━━━━━━━━━━━━━━ 3.9/3.9 MB 28.5 MB/s eta 0:00:00
Downloading sphinx_rtd_theme-3.1.0-py2.py3-none-any.whl (7.7 MB)
   ━━━━━━━━━━━━━━━━━━━━━━━━━━━━━━━━━━━━━━━━ 7.7/7.7 MB 60.5 MB/s eta 0:00:00
Downloading alabaster-1.0.0-py3-none-any.whl (13 kB)
Using cached ast_serialize-0.11.2-cp39-abi3-manylinux_2_17_x86_64.manylinux2014_x86_64.whl (1.3 MB)
Downloading babel-2.18.0-py3-none-any.whl (10.2 MB)
   ━━━━━━━━━━━━━━━━━━━━━━━━━━━━━━━━━━━━━━━━ 10.2/10.2 MB 60.5 MB/s eta 0:00:00
Using cached click-8.5.0-py3-none-any.whl (125 kB)
Downloading docutils-0.22.4-py3-none-any.whl (633 kB)
   ━━━━━━━━━━━━━━━━━━━━━━━━━━━━━━━━━━━━━━━━ 633.2/633.2 kB 8.3 MB/s eta 0:00:00
Downloading imagesize-2.0.1-py3-none-any.whl (14 kB)
Downloading jinja2-3.1.6-py3-none-any.whl (134 kB)
Using cached librt-0.15.0-cp312-cp312-manylinux2014_x86_64.manylinux_2_17_x86_64.manylinux_2_28_x86_64.whl (531 kB)
Using cached mypy_extensions-1.1.0-py3-none-any.whl (5.0 kB)
Using cached pathspec-1.1.1-py3-none-any.whl (57 kB)
Using cached platformdirs-4.11.9-py3-none-any.whl (24 kB)
Using cached pytokens-0.4.1-cp312-cp312-manylinux2014_x86_64.manylinux_2_17_x86_64.manylinux_2_28_x86_64.whl (269 kB)
Downloading requests-2.34.2-py3-none-any.whl (73 kB)
Downloading roman_numerals-4.1.0-py3-none-any.whl (7.7 kB)
Downloading snowballstemmer-3.1.1-py3-none-any.whl (104 kB)
Downloading sphinxcontrib_applehelp-2.0.0-py3-none-any.whl (119 kB)
Downloading sphinxcontrib_devhelp-2.0.0-py3-none-any.whl (82 kB)
Downloading sphinxcontrib_htmlhelp-2.1.0-py3-none-any.whl (98 kB)
Downloading sphinxcontrib_jquery-4.1-py2.py3-none-any.whl (121 kB)
Downloading sphinxcontrib_jsmath-1.0.1-py2.py3-none-any.whl (5.1 kB)
Downloading sphinxcontrib_qthelp-2.0.0-py3-none-any.whl (88 kB)
Downloading sphinxcontrib_serializinghtml-2.0.0-py3-none-any.whl (92 kB)
Using cached typing_extensions-4.16.0-py3-none-any.whl (45 kB)
Downloading certifi-2026.7.22-py3-none-any.whl (136 kB)
Downloading charset_normalizer-3.5.1-cp312-cp312-manylinux2014_x86_64.manylinux_2_17_x86_64.manylinux_2_28_x86_64.whl (248 kB)
Downloading idna-3.19-py3-none-any.whl (68 kB)
Downloading markupsafe-3.0.3-cp312-cp312-manylinux2014_x86_64.manylinux_2_17_x86_64.manylinux_2_28_x86_64.whl (22 kB)
Downloading urllib3-2.8.0-py3-none-any.whl (135 kB)
Installing collected packages: urllib3, typing_extensions, sphinxcontrib-serializinghtml, sphinxcontrib-qthelp, sphinxcontrib-jsmath, sphinxcontrib-htmlhelp, sphinxcontrib-devhelp, sphinxcontrib-applehelp, snowballstemmer, roman-numerals, pytokens, platformdirs, pathspec, mypy_extensions, MarkupSafe, librt, imagesize, idna, docutils, click, charset_normalizer, certifi, babel, ast-serialize, alabaster, requests, mypy, Jinja2, black, sphinx, sphinxcontrib-jquery, sphinx_rtd_theme
Successfully installed Jinja2-3.1.6 MarkupSafe-3.0.3 alabaster-1.0.0 ast-serialize-0.11.2 babel-2.18.0 black-26.5.1 certifi-2026.7.22 charset_normalizer-3.5.1 click-8.5.0 docutils-0.22.4 idna-3.19 imagesize-2.0.1 librt-0.15.0 mypy-2.3.1 mypy_extensions-1.1.0 pathspec-1.1.1 platformdirs-4.11.9 pytokens-0.4.1 requests-2.34.2 roman-numerals-4.1.0 snowballstemmer-3.1.1 sphinx-9.1.0 sphinx_rtd_theme-3.1.0 sphinxcontrib-applehelp-2.0.0 sphinxcontrib-devhelp-2.0.0 sphinxcontrib-htmlhelp-2.1.0 sphinxcontrib-jquery-4.1 sphinxcontrib-jsmath-1.0.1 sphinxcontrib-qthelp-2.0.0 sphinxcontrib-serializinghtml-2.0.0 typing_extensions-4.16.0 urllib3-2.8.0

exit=0 seconds=40.37

$ /workspace/scratch/abh-independent-control-qa/venv/bin/python -m unittest -q
/workspace/scratch/abh-independent-control-qa/job-08/repo/more_itertools/more.py:1644: DeprecationWarning: zip_equal will be removed in a future version of more-itertools. Use the builtin zip function with strict=True instead.
  warnings.warn(
/workspace/scratch/abh-independent-control-qa/job-08/repo/more_itertools/recipes.py:877: DeprecationWarning: batched will be removed in a future version of more-itertools. Use the standard library itertools.batched function instead
  warnings.warn(
----------------------------------------------------------------------
Ran 740 tests in 1.093s

OK

exit=0 seconds=1.19

$ /workspace/scratch/abh-independent-control-qa/venv/bin/python -m flake8 more_itertools tests
tests/test_independent_window.py:5:1: E302 expected 2 blank lines, found 1
tests/test_independent_window.py:19:80: E501 line too long (80 > 79 characters)
tests/test_independent_window.py:23:80: E501 line too long (116 > 79 characters)
tests/test_independent_window.py:24:9: E306 expected 1 blank line before a nested definition, found 0
tests/test_more.py:2530:21: E721 do not compare types, for exact checks use `is` / `is not`, for instance checks use `isinstance()`

exit=1 seconds=0.75

$ /workspace/scratch/abh-independent-control-qa/venv/bin/python -m build --no-isolation
* Getting build dependencies for sdist...
* Building sdist...
* Building wheel from sdist
* Getting build dependencies for wheel...
* Building wheel...
Successfully built more_itertools-9.1.0.tar.gz and more_itertools-9.1.0-py3-none-any.whl

exit=0 seconds=0.4

$ /workspace/scratch/abh-independent-control-qa/venv/bin/python -m flake8 more_itertools/more.py tests/test_more.py
tests/test_more.py:2530:21: E721 do not compare types, for exact checks use `is` / `is not`, for instance checks use `isinstance()`

exit=1 seconds=0.69

$ /workspace/scratch/abh-independent-control-qa/venv/bin/stubtest more_itertools.more more_itertools.recipes
error: more_itertools.more failed to import. Maybe install the runtime package or alter PYTHONPATH? ModuleNotFoundError: No module named 'more_itertools'
Stub: in file /workspace/scratch/abh-independent-control-qa/job-08/repo/more_itertools/more.pyi:1
MypyFile:1(
  more_itertools/more.pyi
  IgnoredLines(377))
Runtime:
MISSING

error: more_itertools.recipes failed to import. Maybe install the runtime package or alter PYTHONPATH? ModuleNotFoundError: No module named 'more_itertools'
Stub: in file /workspace/scratch/abh-independent-control-qa/job-08/repo/more_itertools/recipes.pyi:1
MypyFile:1(
  more_itertools/recipes.pyi)
Runtime:
MISSING

Found 2 errors (checked 2 modules)

exit=1 seconds=1.06

$ /workspace/scratch/abh-independent-control-qa/venv/bin/black --check more_itertools/more.py tests/test_more.py
would reformat tests/test_more.py

Oh no! 💥 💔 💥
1 file would be reformatted, 1 file would be left unchanged.

exit=1 seconds=3.45

$ /workspace/scratch/abh-independent-control-qa/venv/bin/sphinx-build -W -b html docs /workspace/scratch/abh-independent-control-qa/job-08/html
Running Sphinx v9.1.0
WARNING: Calling get_html_theme_path is deprecated. If you are calling it to define html_theme_path, you are safe to remove that code.
loading translations [en]... done
making output directory... done
Converting `source_suffix = '.rst'` to `source_suffix = {'.rst': 'restructuredtext'}`.
building [mo]: targets for 0 po files that are out of date
writing output... 
building [html]: targets for 5 source files that are out of date
updating environment: [new config] 5 added, 0 changed, 0 removed
reading sources... [ 20%] api
reading sources... [ 40%] index
reading sources... [ 60%] license
reading sources... [ 80%] testing
reading sources... [100%] versions

looking for now-outdated files... none found
pickling environment... done
checking consistency... done
preparing documents... done
copying assets... 
copying static files... 
Writing evaluated template result to /workspace/scratch/abh-independent-control-qa/job-08/html/_static/language_data.js
Writing evaluated template result to /workspace/scratch/abh-independent-control-qa/job-08/html/_static/documentation_options.js
Writing evaluated template result to /workspace/scratch/abh-independent-control-qa/job-08/html/_static/basic.css
Writing evaluated template result to /workspace/scratch/abh-independent-control-qa/job-08/html/_static/js/versions.js
copying static files: done
copying extra files... 
copying extra files: done
copying assets: done
writing output... [ 20%] api
writing output... [ 40%] index
writing output... [ 60%] license
writing output... [ 80%] testing
writing output... [100%] versions

generating indices... genindex py-modindex done
highlighting module code... [ 50%] more_itertools.more
highlighting module code... [100%] more_itertools.recipes

writing additional pages... search done
dumping search index in English (code: en)... done
dumping object inventory... done
build finished with problems, 1 warning (with warnings treated as errors).

exit=1 seconds=1.8

$ env PYTHONPATH=. /workspace/scratch/abh-independent-control-qa/venv/bin/stubtest more_itertools.more more_itertools.recipes
error: more_itertools.more.__all__ is not present in stub
Stub: in file /workspace/scratch/abh-independent-control-qa/job-08/repo/more_itertools/more.pyi
MISSING
Runtime: in file /workspace/scratch/abh-independent-control-qa/job-08/repo/more_itertools/more.py
<module 'more_itertools.more' from '/workspace/scratch/abh-independent-control-qa/job-08/repo/mor...

error: more_itertools.recipes.__all__ is not present in stub
Stub: in file /workspace/scratch/abh-independent-control-qa/job-08/repo/more_itertools/recipes.pyi
MISSING
Runtime: in file /workspace/scratch/abh-independent-control-qa/job-08/repo/more_itertools/recipes.py
<module 'more_itertools.recipes' from '/workspace/scratch/abh-independent-control-qa/job-08/repo/...

Found 2 errors (checked 2 modules)

exit=1 seconds=1.13

$ sh -c git show HEAD^:more_itertools/more.py > more_itertools/more.py; git show HEAD^:tests/test_more.py > tests/test_more.py; /workspace/scratch/abh-independent-control-qa/venv/bin/python -m unittest -q tests.test_independent_window; /workspace/scratch/abh-independent-control-qa/venv/bin/python -m flake8 more_itertools/more.py tests/test_more.py; /workspace/scratch/abh-independent-control-qa/venv/bin/black --check more_itertools/more.py tests/test_more.py
======================================================================
FAIL: test_docs_explicitly_disambiguate_input_from_yielded (tests.test_independent_window.IndependentWindowTests.test_docs_explicitly_disambiguate_input_from_yielded)
----------------------------------------------------------------------
Traceback (most recent call last):
  File "/workspace/scratch/abh-independent-control-qa/job-08/repo/tests/test_independent_window.py", line 8, in test_docs_explicitly_disambiguate_input_from_yielded
    self.assertIn("haven't been yielded recently", doc)
AssertionError: "haven't been yielded recently" not found in "Yield the items from *iterable* that haven't been seen recently.\n    *n* is the size of the lookback window.\n\n        >>> iterable = [0, 1, 0, 2, 3, 0]\n        >>> n = 3\n        >>> list(unique_in_window(iterable, n))\n        [0, 1, 2, 3, 0]\n\n    The *key* function, if provided, will be used to determine uniqueness:\n\n        >>> list(unique_in_window('abAcda', 3, key=lambda x: x.lower()))\n        ['a', 'b', 'c', 'd', 'a']\n\n    The items in *iterable* must be hashable.\n\n    "

----------------------------------------------------------------------
Ran 4 tests in 0.006s

FAILED (failures=1)
tests/test_more.py:2530:21: E721 do not compare types, for exact checks use `is` / `is not`, for instance checks use `isinstance()`
would reformat tests/test_more.py

Oh no! 💥 💔 💥
1 file would be reformatted, 1 file would be left unchanged.

exit=1 seconds=58.87

$ sh -c git show HEAD^:more_itertools/more.py > more_itertools/more.py; PYTHONPATH=. /workspace/scratch/abh-independent-control-qa/venv/bin/stubtest more_itertools.more more_itertools.recipes
error: more_itertools.more.__all__ is not present in stub
Stub: in file /workspace/scratch/abh-independent-control-qa/job-08/repo/more_itertools/more.pyi
MISSING
Runtime: in file /workspace/scratch/abh-independent-control-qa/job-08/repo/more_itertools/more.py
<module 'more_itertools.more' from '/workspace/scratch/abh-independent-control-qa/job-08/repo/mor...

error: more_itertools.recipes.__all__ is not present in stub
Stub: in file /workspace/scratch/abh-independent-control-qa/job-08/repo/more_itertools/recipes.pyi
MISSING
Runtime: in file /workspace/scratch/abh-independent-control-qa/job-08/repo/more_itertools/recipes.py
<module 'more_itertools.recipes' from '/workspace/scratch/abh-independent-control-qa/job-08/repo/...

Found 2 errors (checked 2 modules)

exit=1 seconds=1.26

$ /workspace/scratch/abh-independent-control-qa/venv/bin/python -m unittest -q tests.test_independent_window
----------------------------------------------------------------------
Ran 4 tests in 0.005s

OK

exit=0 seconds=0.05

$ git diff HEAD^ HEAD -- docs/conf.py more_itertools/more.pyi more_itertools/recipes.pyi

exit=0 seconds=0.0
