SIMULATION / HISTORICAL REPLAY — NOT PAID WORK

$ git clone https://github.com/pallets/click.git /workspace/scratch/6cefdfffb246/job-01-click
$ git checkout 5f86603a84e12bdec1584c15c9f982740e613c45
HEAD is now at 5f86603 Fix _pipepager()/_tempfilepage() to work with multi-call binaries (#2944)

$ python -m venv .venv
$ .venv/bin/python -m pip install -e . pytest

$ .venv/bin/python - <<'PY'
... CliRunner reproduction for prompt_suffix="" ...
PY
"test foo\n'foo'\nconfirm [y/N] y\nTrue\n"
None

$ .venv/bin/python -m pytest -q tests/test_termui.py -k 'prompt_suffix_spacing'
......                                                                   [100%]
6 passed, 168 deselected in 0.05s

$ .venv/bin/python -m pytest -q
ERROR tests/test_basic.py - pytest.PytestRemovedIn10Warning: Passing a non-Collection iterable to parametrize is deprecated.
1 error in 0.58s

$ .venv/bin/python -m pip install 'pytest<9'
$ .venv/bin/python -m pytest -q
1308 passed, 21 skipped, 1 xfailed in 1.81s

$ git diff --check
PASS (no output)

$ .venv/bin/python -m compileall -q src tests
PASS (no output)

$ .venv/bin/python -m ruff check src/click/termui.py tests/test_termui.py
All checks passed!

$ .venv/bin/python -m ruff format --check src/click/termui.py tests/test_termui.py
2 files already formatted

$ git commit -m 'Fix empty prompt suffix spacing'
[abh/job-01-solution 4c62da5] Fix empty prompt suffix spacing
2 files changed, 37 insertions(+), 4 deletions(-)

$ git rev-parse HEAD
4c62da5db4c849a1cbbc60ced0c55c9460be45e3
