SIMULATION / HISTORICAL REPLAY — INDEPENDENT QA
Reviewer: independent_qa_4

$ git init; git remote add origin https://github.com/pallets/click.git; git fetch --depth 1 origin 5f86603a84e12bdec1584c15c9f982740e613c45; git checkout --detach FETCH_HEAD
Observed HEAD: 5f86603a84e12bdec1584c15c9f982740e613c45
EXIT 0

$ PYTHONPATH=src .venv/bin/python <independent pristine prompt/confirm reproduction>
'test foo\n' 0
'test y\n' 0
EXIT 0

$ sha256sum evidence/solution.patch
312af9b9d5758d70e05e512d6e37f07b82958e743c5c8a424bec3bf3702a2a89
EXIT 0

$ git patch-id --stable < evidence/solution.patch
f6369c6d9d08cb65105e05f782605b5f8128e9de
EXIT 0

$ git apply --check evidence/solution.patch && git apply evidence/solution.patch && git diff --check
Applied cleanly: src/click/termui.py and tests/test_termui.py.
EXIT 0

$ git stash create; git show -s --format=%T <reconstructed>; git show -s --format=%T 4c62da5db4c849a1cbbc60ced0c55c9460be45e3
Reconstructed tree: a6e93f70da34cb82d0b22f9c6d582b16bdcf5138
Frozen revision tree: a6e93f70da34cb82d0b22f9c6d582b16bdcf5138
EXIT 0

$ uv sync --frozen
Installed frozen development, test, and typing environment.
EXIT 0

$ .venv/bin/pytest -q tests/test_termui.py -k prompt_suffix_spacing
6 passed, 168 deselected in 0.05s
EXIT 0

$ .venv/bin/python <independent prompt/confirm/default/custom/yes/no matrix>
independent prompt/confirm matrix: PASS
EXIT 0

$ .venv/bin/python <hidden-input and confirmation-retry counterexamples>
hidden prompt and confirmation retry counterexamples: PASS
EXIT 0

$ .venv/bin/pytest -q
1308 passed, 21 skipped, 1 xfailed in 1.61s
EXIT 0

$ .venv/bin/ruff check src tests
All checks passed!
EXIT 0

$ .venv/bin/ruff format --check src tests
47 files already formatted
EXIT 0

$ .venv/bin/mypy
Success: no issues found in 26 source files
EXIT 0

$ .venv/bin/pyright
16 errors, 2 warnings
EXIT 1

$ <repeat pyright in pristine pre-fix worktree>
16 errors, 2 warnings; same files, lines, and diagnostics
EXIT 1 (baseline tool-version drift; no new patch diagnostic)

$ uv build
Successfully built dist/click-8.3.dev0.tar.gz
Successfully built dist/click-8.3.dev0-py3-none-any.whl
EXIT 0

$ .venv/bin/python -m compileall -q src tests
EXIT 0

$ git diff --check
EXIT 0

Limitations: Python 3.12.14/Linux only; full interpreter and Windows matrices not run. Current Pyright baseline is not clean, while configured MyPy passes.
