
[2026-09-17T10:37:05.366082+00:00] $ npm install --ignore-scripts --package-lock=false
npm warn Unknown env config "http-proxy". This will stop working in the next major version of npm.
npm warn deprecated inflight@1.0.6: This module is not supported, and leaks memory. Do not use it. Check out lru-cache if you want a good and tested way to coalesce async requests by a key value, which is much more comprehensive and powerful.
npm warn deprecated glob@7.2.3: Old versions of glob are not supported, and contain widely publicized security vulnerabilities, which have been fixed in the current version. Please update. Support for old versions may be purchased (at exorbitant rates) by contacting i@izs.me
npm warn deprecated source-map-url@0.4.1: See https://github.com/lydell/source-map-url#deprecated
npm warn deprecated resolve-url@0.2.1: https://github.com/lydell/resolve-url#deprecated
npm warn deprecated source-map-resolve@0.5.3: See https://github.com/lydell/source-map-resolve#deprecated
npm warn deprecated lodash.get@4.4.2: This package is deprecated. Use the optional chaining (?.) operator instead.
npm warn deprecated rimraf@2.7.1: Rimraf versions prior to v4 are no longer supported
npm warn deprecated @babel/plugin-proposal-dynamic-import@7.18.6: This proposal has been merged to the ECMAScript standard and thus this plugin is no longer maintained. Please use @babel/plugin-transform-dynamic-import instead.
npm warn deprecated @babel/plugin-proposal-optional-catch-binding@7.18.6: This proposal has been merged to the ECMAScript standard and thus this plugin is no longer maintained. Please use @babel/plugin-transform-optional-catch-binding instead.
npm warn deprecated @babel/plugin-proposal-async-generator-functions@7.20.7: This proposal has been merged to the ECMAScript standard and thus this plugin is no longer maintained. Please use @babel/plugin-transform-async-generator-functions instead.
npm warn deprecated eslint@6.8.0: This version is no longer supported. Please see https://eslint.org/version-support for other options.
npm warn deprecated rimraf@2.6.3: Rimraf versions prior to v4 are no longer supported
npm warn deprecated core-js@2.6.12: core-js@<3.23.3 is no longer maintained and not recommended for usage due to the number of issues. Because of the V8 engine whims, feature detection in old core-js versions could cause a slowdown up to 100x even if nothing is polyfilled. Some versions have web compatibility issues. Please, upgrade your dependencies to the actual version of core-js.
npm warn deprecated urix@0.1.0: Please see https://github.com/lydell/urix#deprecated

added 900 packages in 53s

EXIT 0

[2026-09-17T10:37:33.072426+00:00] $ node node_modules/typescript/bin/tsc --strict --module commonjs --target es2018 --skipLibCheck --noEmit ../evidence/commonjs.ts
node:internal/modules/cjs/loader:1520
  throw err;
  ^

Error: Cannot find module '/workspace/scratch/abh-benchmark-jobs/job-10/repo/node_modules/typescript/bin/tsc'
    at Module._resolveFilename (node:internal/modules/cjs/loader:1517:15)
    at wrapResolveFilename (node:internal/modules/cjs/loader:1071:27)
    at defaultResolveImplForCJSLoading (node:internal/modules/cjs/loader:1095:10)
    at resolveForCJSWithHooks (node:internal/modules/cjs/loader:1122:12)
    at Module._load (node:internal/modules/cjs/loader:1294:5)
    at wrapModuleLoad (node:internal/modules/cjs/loader:255:19)
    at Module.executeUserEntryPoint [as runMain] (node:internal/modules/run_main:154:5)
    at node:internal/main/run_main_module:33:47 {
  code: 'MODULE_NOT_FOUND',
  requireStack: []
}

Node.js v24.19.0

EXIT 1

[2026-09-17T10:37:33.152885+00:00] $ node -e const limit = require("."); console.log(typeof limit, typeof limit.default);
function undefined

EXIT 0

[2026-09-17T10:37:49.040564+00:00] $ node node_modules/tsd/dist/cli.js

  node_modules/@types/node/compatibility/iterators.d.ts:17:50
  ✖    17:50   Type symbol cannot be used as an index type.                                                                                                                                                                                                                                                                                                                                                                                                               

  node_modules/@types/node/console.d.ts:64:35
  ✖    64:35   Cannot find module node:util.                                                                                                                                                                                                                                                                                                                                                                                                                              

  node_modules/@types/node/repl.d.ts:14:35
  ✖    14:35   Cannot find module node:util.                                                                                                                                                                                                                                                                                                                                                                                                                              

  node_modules/@types/node/events.d.ts:72:23
  ✖    72:23   Cannot find name args.                                                                                                                                                                                                                                                                                                                                                                                                                                     
  ✖    72:27   , expected.                                                                                                                                                                                                                                                                                                                                                                                                                                                
  ✖    80:42   A rest parameter must be of an array type.                                                                                                                                                                                                                                                                                                                                                                                                                 

  node_modules/undici-types/cookies.d.ts:3:24
  ✖     3:12   = expected.                                                                                                                                                                                                                                                                                                                                                                                                                                                
  ✖     3:24   Cannot find name from.                                                                                                                                                                                                                                                                                                                                                                                                                                     
  ✖     3:29   ; expected.                                                                                                                                                                                                                                                                                                                                                                                                                                                

  node_modules/undici-types/balanced-pool.d.ts:22:2
  ✖    22:2    Member override implicitly has an any type.                                                                                                                                                                                                                                                                                                                                                                                                                
  ✖    22:11   ; expected.                                                                                                                                                                                                                                                                                                                                                                                                                                                
  ✖    25:2    Duplicate identifier override.                                                                                                                                                                                                                                                                                                                                                                                                                             
  ✖    25:11   ; expected.                                                                                                                                                                                                                                                                                                                                                                                                                                                

  node_modules/undici-types/client.d.ts:21:2
  ✖    21:2    Member override implicitly has an any type.                                                                                                                                                                                                                                                                                                                                                                                                                
  ✖    21:11   ; expected.                                                                                                                                                                                                                                                                                                                                                                                                                                                
  ✖    24:2    Duplicate identifier override.                                                                                                                                                                                                                                                                                                                                                                                                                             
  ✖    24:11   ; expected.                                                                                                                                                                                                                                                                                                                                                                                                                                                

  node_modules/undici-types/pool.d.ts:20:2
  ✖    20:2    Member override implicitly has an any type.                                                                                                                                                                                                                                                                                                                                                                                                                
  ✖    20:11   ; expected.                                                                                                                                                                                                                                                                                                                                                                                                                                                
  ✖    23:2    Duplicate identifier override.                                                                                                                                                                                                                                                                                                                                                                                                                             
  ✖    23:11   ; expected.                                                                                                                                                                                                                                                                                                                                                                                                                                                

  node_modules/@types/node/crypto.d.ts:3566:19
  ✖  3566:16   Type expected.                                                                                                                                                                                                                                                                                                                                                                                                                                             
  ✖  3566:19   string only refers to a type, but is being used as a value here.                                                                                                                                                                                                                                                                                                                                                                                           
  ✖  3566:29   string only refers to a type, but is being used as a value here.                                                                                                                                                                                                                                                                                                                                                                                           
  ✖  3566:39   string only refers to a type, but is being used as a value here.                                                                                                                                                                                                                                                                                                                                                                                           
  ✖  3566:49   string only refers to a type, but is being used as a value here.                                                                                                                                                                                                                                                                                                                                                                                           
  ✖  3566:59   string only refers to a type, but is being used as a value here.                                                                                                                                                                                                                                                                                                                                                                                           

  node_modules/@types/node/process.d.ts:104:30
  ✖   104:30   Cannot find module util.                                                                                                                                                                                                                                                                                                                                                                                                                                   
  ✖   105:35   Cannot find module node:util.                                                                                                                                                                                                                                                                                                                                                                                                                              
  ✖   106:29   Cannot find module util.                                                                                                                                                                                                                                                                                                                                                                                                                                   
  ✖   107:34   Cannot find module node:util.                                                                                                                                                                                                                                                                                                                                                                                                                              
  ✖   108:36   Cannot find module util/types.                                                                                                                                                                                                                                                                                                                                                                                                                             
  ✖   109:41   Cannot find module node:util/types.                                                                                                                                                                                                                                                                                                                                                                                                                        

  node_modules/@types/node/buffer.d.ts:128:13
  ✖   128:13   Duplicate identifier type.                                                                                                                                                                                                                                                                                                                                                                                                                                 
  ✖   128:13   Cannot find name type.                                                                                                                                                                                                                                                                                                                                                                                                                                     
  ✖   128:18   , expected.                                                                                                                                                                                                                                                                                                                                                                                                                                                
  ✖   128:45   Duplicate identifier type.                                                                                                                                                                                                                                                                                                                                                                                                                                 
  ✖   128:45   Cannot find name type.                                                                                                                                                                                                                                                                                                                                                                                                                                     
  ✖   128:50   , expected.                                                                                                                                                                                                                                                                                                                                                                                                                                                
  ✖   337:40   Namespace global.NodeJS has no exported member ArrayBufferView.                                                                                                                                                                                                                                                                                                                                                                                            

  index.test-d.ts:5:0
  ✖     4:14   This expression is not callable.
  Type typeof import("/workspace/scratch/abh-benchmark-jobs/job-10/repo/index") has no call signatures.                                                                                                                                                                                                                                                                                                                    
  ✖     5:0    Parameter type Limit is not identical to argument type any.                                                                                                                                                                                                                                                                                                                                                                                                
  ✖    13:0    Parameter type Promise<(string | undefined)[]> is not identical to argument type Promise<any[]>.                                                                                                                                                                                                                                                                                                                                                           
  ✖    15:0    Parameter type Promise<string> is not identical to argument type any.                                                                                                                                                                                                                                                                                                                                                                                      
  ✖    16:0    Parameter type Promise<string> is not identical to argument type any.                                                                                                                                                                                                                                                                                                                                                                                      
  ✖    18:0    Parameter type number is not identical to argument type any.                                                                                                                                                                                                                                                                                                                                                                                               
  ✖    19:0    Parameter type number is not identical to argument type any.                                                                                                                                                                                                                                                                                                                                                                                               
  ✖    21:0    Parameter type void is not identical to argument type any.                                                                                                                                                                                                                                                                                                                                                                                                 

  node_modules/undici-types/websocket.d.ts:3:7
  ✖     3:7    Duplicate identifier type.                                                                                                                                                                                                                                                                                                                                                                                                                                 
  ✖     3:12   = expected.                                                                                                                                                                                                                                                                                                                                                                                                                                                
  ✖     3:21   Cannot find name from.                                                                                                                                                                                                                                                                                                                                                                                                                                     
  ✖     3:26   ; expected.                                                                                                                                                                                                                                                                                                                                                                                                                                                
  ✖     4:7    Duplicate identifier type.                                                                                                                                                                                                                                                                                                                                                                                                                                 
  ✖     4:12   = expected.                                                                                                                                                                                                                                                                                                                                                                                                                                                
  ✖     4:28   Cannot find name from.                                                                                                                                                                                                                                                                                                                                                                                                                                     
  ✖     4:33   ; expected.                                                                                                                                                                                                                                                                                                                                                                                                                                                

  node_modules/undici-types/cache.d.ts:1:14
  ✖     1:12   = expected.                                                                                                                                                                                                                                                                                                                                                                                                                                                
  ✖     1:14   Cannot find name RequestInfo.                                                                                                                                                                                                                                                                                                                                                                                                                              
  ✖     1:14   Left side of comma operator is unused and has no side effects.                                                                                                                                                                                                                                                                                                                                                                                             
  ✖     1:14   Left side of comma operator is unused and has no side effects.                                                                                                                                                                                                                                                                                                                                                                                             
  ✖     1:47   Cannot find name from.                                                                                                                                                                                                                                                                                                                                                                                                                                     
  ✖     1:52   ; expected.                                                                                                                                                                                                                                                                                                                                                                                                                                                
  ✖     4:18   Cannot find name RequestInfo.                                                                                                                                                                                                                                                                                                                                                                                                                              
  ✖    17:18   Cannot find name RequestInfo.                                                                                                                                                                                                                                                                                                                                                                                                                              
  ✖    18:22   Cannot find name RequestInfo.                                                                                                                                                                                                                                                                                                                                                                                                                              
  ✖    19:16   Cannot find name RequestInfo.                                                                                                                                                                                                                                                                                                                                                                                                                              
  ✖    20:20   Cannot find name RequestInfo.                                                                                                                                                                                                                                                                                                                                                                                                                              
  ✖    21:16   Cannot find name RequestInfo.                                                                                                                                                                                                                                                                                                                                                                                                                              
  ✖    22:19   Cannot find name RequestInfo.                                                                                                                                                                                                                                                                                                                                                                                                                              
  ✖    23:18   Cannot find name RequestInfo.                                                                                                                                                                                                                                                                                                                                                                                                                              

  node_modules/@types/node/test.d.ts:1156:89
  ✖  1156:89   Cannot find name Awaited.                                                                                                                                                                                                                                                                                                                                                                                                                                  
  ✖  1707:28   Cannot find name abstract.                                                                                                                                                                                                                                                                                                                                                                                                                                 
  ✖  1707:37   ? expected.                                                                                                                                                                                                                                                                                                                                                                                                                                                
  ✖  1707:66   : expected.                                                                                                                                                                                                                                                                                                                                                                                                                                                
  ✖  1707:68   Cannot find name T.                                                                                                                                                                                                                                                                                                                                                                                                                                        
  ✖  1708:16   , expected.                                                                                                                                                                                                                                                                                                                                                                                                                                                
  ✖  1708:18   Type parameter name cannot be unknown.                                                                                                                                                                                                                                                                                                                                                                                                                     
  ✖  1708:18   Required type parameters may not follow optional type parameters.                                                                                                                                                                                                                                                                                                                                                                                          
  ✖  1710:28   Cannot find name abstract.                                                                                                                                                                                                                                                                                                                                                                                                                                 
  ✖  1710:37   ? expected.                                                                                                                                                                                                                                                                                                                                                                                                                                                
  ✖  1710:66   : expected.                                                                                                                                                                                                                                                                                                                                                                                                                                                
  ✖  1710:68   Cannot find name Y.                                                                                                                                                                                                                                                                                                                                                                                                                                        
  ✖  1711:16   , expected.                                                                                                                                                                                                                                                                                                                                                                                                                                                
  ✖  1711:18   Duplicate identifier unknown.                                                                                                                                                                                                                                                                                                                                                                                                                              
  ✖  1711:18   Type parameter name cannot be unknown.                                                                                                                                                                                                                                                                                                                                                                                                                     
  ✖  1711:18   Required type parameters may not follow optional type parameters.                                                                                                                                                                                                                                                                                                                                                                                          
  ✖  1711:25   Left side of comma operator is unused and has no side effects.                                                                                                                                                                                                                                                                                                                                                                                             
  ✖  1711:25   , expected.                                                                                                                                                                                                                                                                                                                                                                                                                                                
  ✖  1712:8    Expression expected.                                                                                                                                                                                                                                                                                                                                                                                                                                       
  ✖  1716:23   Cannot find name Args.                                                                                                                                                                                                                                                                                                                                                                                                                                     
  ✖  1716:27   , expected.                                                                                                                                                                                                                                                                                                                                                                                                                                                
  ✖  1720:19   Cannot find name unknown.                                                                                                                                                                                                                                                                                                                                                                                                                                  
  ✖  1720:29   Object is possibly undefined.                                                                                                                                                                                                                                                                                                                                                                                                                              
  ✖  1720:38   , expected.                                                                                                                                                                                                                                                                                                                                                                                                                                                
  ✖  1726:20   ReturnType only refers to a type, but is being used as a value here.                                                                                                                                                                                                                                                                                                                                                                                       
  ✖  1726:33   Object is possibly undefined.                                                                                                                                                                                                                                                                                                                                                                                                                              
  ✖  1726:42   , expected.                                                                                                                                                                                                                                                                                                                                                                                                                                                
  ✖  1730:24   , expected.                                                                                                                                                                                                                                                                                                                                                                                                                                                
  ✖  1735:20   Cannot find name F.                                                                                                                                                                                                                                                                                                                                                                                                                                        
  ✖  1735:22   , expected.                                                                                                                                                                                                                                                                                                                                                                                                                                                
  ✖  1735:30   Cannot find name abstract.                                                                                                                                                                                                                                                                                                                                                                                                                                 
  ✖  1735:30   : expected.                                                                                                                                                                                                                                                                                                                                                                                                                                                
  ✖  1735:39   , expected.                                                                                                                                                                                                                                                                                                                                                                                                                                                
  ✖  1735:57   { expected.                                                                                                                                                                                                                                                                                                                                                                                                                                                
  ✖  1735:60   any only refers to a type, but is being used as a value here.                                                                                                                                                                                                                                                                                                                                                                                              
  ✖  1735:66   , expected.                                                                                                                                                                                                                                                                                                                                                                                                                                                
  ✖  1735:79   , expected.                                                                                                                                                                                                                                                                                                                                                                                                                                                
  ✖  1739:18   Cannot find name unknown.                                                                                                                                                                                                                                                                                                                                                                                                                                  
  ✖  1739:25   , expected.                                                                                                                                                                                                                                                                                                                                                                                                                                                
  ✖  1752:28   Generic type MockFunctionCall<F, ReturnType, unknown, Args> requires between 3 and 4 type arguments.                                                                                                                                                                                                                                                                                                                                                       

  node_modules/@types/node/util.d.ts:12:27
  ✖    12:27   Cannot find module node:util/types.                                                                                                                                                                                                                                                                                                                                                                                                                        
  ✖   136:29   Cannot find name operation.                                                                                                                                                                                                                                                                                                                                                                                                                                
  ✖   136:38   , expected.                                                                                                                                                                                                                                                                                                                                                                                                                                                
  ✖   136:52   Cannot find name value.                                                                                                                                                                                                                                                                                                                                                                                                                                    
  ✖   136:57   , expected.                                                                                                                                                                                                                                                                                                                                                                                                                                                
  ✖  1640:77   Cannot find module util.                                                                                                                                                                                                                                                                                                                                                                                                                                   
  ✖  1641:4    Augmentations for the global scope can only be directly nested in external modules or ambient module declarations.                                                                                                                                                                                                                                                                                                                                         
  ✖  1788:10   Mapped object type implicitly has an any template type.                                                                                                                                                                                                                                                                                                                                                                                                    
  ✖  1788:35   Cannot find name as.                                                                                                                                                                                                                                                                                                                                                                                                                                       
  ✖  1788:35   ] expected.                                                                                                                                                                                                                                                                                                                                                                                                                                                
  ✖  1788:38   Cannot find name O.                                                                                                                                                                                                                                                                                                                                                                                                                                        
  ✖  1788:38   ; expected.                                                                                                                                                                                                                                                                                                                                                                                                                                                
  ✖  1788:40   Cannot find name LongOption.                                                                                                                                                                                                                                                                                                                                                                                                                               
  ✖  1788:63   ; expected.                                                                                                                                                                                                                                                                                                                                                                                                                                                
  ✖  1788:74   Declaration or statement expected.                                                                                                                                                                                                                                                                                                                                                                                                                         
  ✖  1788:89   never only refers to a type, but is being used as a value here.                                                                                                                                                                                                                                                                                                                                                                                            
  ✖  1788:94   ; expected.                                                                                                                                                                                                                                                                                                                                                                                                                                                
  ✖  1788:95   Declaration or statement expected.                                                                                                                                                                                                                                                                                                                                                                                                                         
  ✖  1788:97   Cannot find name V.                                                                                                                                                                                                                                                                                                                                                                                                                                        
  ✖  1788:99   Cannot find name LongOption.                                                                                                                                                                                                                                                                                                                                                                                                                               
  ✖  1789:4    Declaration or statement expected.                                                                                                                                                                                                                                                                                                                                                                                                                         
  ✖  1789:6    Declaration or statement expected.                                                                                                                                                                                                                                                                                                                                                                                                                         
  ✖  1789:14   Cannot find name infer.                                                                                                                                                                                                                                                                                                                                                                                                                                    
  ✖  1789:20   Cannot find name P.                                                                                                                                                                                                                                                                                                                                                                                                                                        
  ✖  1789:20   ; expected.                                                                                                                                                                                                                                                                                                                                                                                                                                                
  ✖  1789:26   A computed property name must be of type string, number, symbol, or any.                                                                                                                                                                                                                                                                                                                                                                                   
  ✖  1789:27   Cannot find name K.                                                                                                                                                                                                                                                                                                                                                                                                                                        
  ✖  1789:32   Cannot find name keyof.                                                                                                                                                                                                                                                                                                                                                                                                                                    
  ✖  1789:38   Cannot find name P.                                                                                                                                                                                                                                                                                                                                                                                                                                        
  ✖  1789:38   ] expected.                                                                                                                                                                                                                                                                                                                                                                                                                                                
  ✖  1789:39   , expected.                                                                                                                                                                                                                                    
EXIT 1

[2026-09-17T10:38:17.008389+00:00] $ npm install --ignore-scripts --no-save --package-lock=false @types/node@12.20.55
npm warn Unknown env config "http-proxy". This will stop working in the next major version of npm.

removed 1 package, and changed 1 package in 13s

EXIT 0

[2026-09-17T10:38:18.323332+00:00] $ node node_modules/tsd/dist/cli.js

  index.test-d.ts:5:0
  ✖   4:14  This expression is not callable.
  Type typeof import("/workspace/scratch/abh-benchmark-jobs/job-10/repo/index") has no call signatures.  
  ✖   5:0   Parameter type Limit is not identical to argument type any.                                                                              
  ✖  13:0   Parameter type Promise<(string | undefined)[]> is not identical to argument type Promise<any[]>.                                         
  ✖  15:0   Parameter type Promise<string> is not identical to argument type any.                                                                    
  ✖  16:0   Parameter type Promise<string> is not identical to argument type any.                                                                    
  ✖  18:0   Parameter type number is not identical to argument type any.                                                                             
  ✖  19:0   Parameter type number is not identical to argument type any.                                                                             
  ✖  21:0   Parameter type void is not identical to argument type any.                                                                               

  8 errors


EXIT 1

[2026-09-17T10:38:32.018523+00:00] $ npm test
npm warn Unknown env config "http-proxy". This will stop working in the next major version of npm.

> p-limit@3.0.0 test
> xo && ava && tsd

TypeError: util.isDate is not a function
Occurred while linting /workspace/scratch/abh-benchmark-jobs/job-10/repo/index.js:2
    at _deepEqual (/workspace/scratch/abh-benchmark-jobs/job-10/repo/node_modules/core-assert/index.js:174:19)
    at module.exports (/workspace/scratch/abh-benchmark-jobs/job-10/repo/node_modules/deep-strict-equal/index.js:5:9)
    at /workspace/scratch/abh-benchmark-jobs/job-10/repo/node_modules/eslint-plugin-ava/create-ava-rule.js:196:61
    at Array.some (<anonymous>)
    at VariableDeclarator (/workspace/scratch/abh-benchmark-jobs/job-10/repo/node_modules/eslint-plugin-ava/create-ava-rule.js:196:49)
    at /workspace/scratch/abh-benchmark-jobs/job-10/repo/node_modules/eslint/lib/linter/safe-emitter.js:45:58
    at Array.forEach (<anonymous>)
    at Object.emit (/workspace/scratch/abh-benchmark-jobs/job-10/repo/node_modules/eslint/lib/linter/safe-emitter.js:45:38)
    at NodeEventGenerator.applySelector (/workspace/scratch/abh-benchmark-jobs/job-10/repo/node_modules/eslint/lib/linter/node-event-generator.js:254:26)
    at NodeEventGenerator.applySelectors (/workspace/scratch/abh-benchmark-jobs/job-10/repo/node_modules/eslint/lib/linter/node-event-generator.js:283:22)

EXIT 1

[2026-09-17T10:39:03.342299+00:00] $ node node_modules/tsd/dist/cli.js

EXIT 0

[2026-09-17T10:39:07.143371+00:00] $ node node_modules/ava/cli.js

  ✔ clearQueue
  ✔ accepts additional arguments
  ✔ continues after sync throw
  ✔ non-promise returning function
  ✔ throws on invalid concurrency argument
  ✔ does not ignore errors (112ms)
  ✔ concurrency: 1 (608ms)
  ✔ concurrency: 4 (2.6s)
  ✔ activeCount and pendingCount properties (3s)

  9 tests passed


EXIT 0

[2026-09-17T10:39:54.938756+00:00] $ npm view node-linux-x64@18.20.8 scripts
npm warn Unknown env config "http-proxy". This will stop working in the next major version of npm.

EXIT 0

[2026-09-17T10:40:07.431266+00:00] $ npm install --prefix ../node-runtime --ignore-scripts --package-lock=false node-linux-x64@18.20.8
npm warn Unknown env config "http-proxy". This will stop working in the next major version of npm.

added 1 package in 12s

EXIT 0

[2026-09-17T10:40:22.367816+00:00] $ node node_modules/tsd/libraries/typescript/lib/tsc.js --strict --module commonjs --target es2018 --skipLibCheck --noEmit ../evidence/baseline-types/consumer.ts
../evidence/baseline-types/consumer.ts(2,29): error TS2349: This expression is not callable.
  Type 'typeof import("/workspace/scratch/abh-benchmark-jobs/job-10/evidence/baseline-types/index")' has no call signatures.

EXIT 1

[2026-09-17T10:40:23.003635+00:00] $ node node_modules/tsd/libraries/typescript/lib/tsc.js --strict --module commonjs --target es2018 --skipLibCheck ../evidence/commonjs.ts

EXIT 0

[2026-09-17T10:40:23.092469+00:00] $ node ../evidence/commonjs.js
ok

EXIT 0

[2026-09-17T10:40:23.675125+00:00] $ node node_modules/tsd/libraries/typescript/lib/tsc.js --strict --module commonjs --target es2018 --skipLibCheck --esModuleInterop ../evidence/interop.ts

EXIT 0

[2026-09-17T10:40:23.756455+00:00] $ node ../evidence/interop.js
interop-ok

EXIT 0

[2026-09-17T10:41:14.095105+00:00] $ ../node-runtime/node_modules/node-linux-x64/bin/node node_modules/xo/cli.js

  index.js:23:3
  ⚠  23:3  Unexpected todo comment.  no-warning-comments

  1 warning

EXIT 0

[2026-09-17T10:41:18.083550+00:00] $ ../node-runtime/node_modules/node-linux-x64/bin/node node_modules/ava/cli.js

  ✔ clearQueue
  ✔ accepts additional arguments
  ✔ continues after sync throw
  ✔ non-promise returning function
  ✔ throws on invalid concurrency argument
  ✔ does not ignore errors (112ms)
  ✔ concurrency: 1 (610ms)
  ✔ concurrency: 4 (2.3s)
  ✔ activeCount and pendingCount properties (3s)

  9 tests passed


EXIT 0

[2026-09-17T10:41:19.357647+00:00] $ ../node-runtime/node_modules/node-linux-x64/bin/node node_modules/tsd/dist/cli.js

EXIT 0

[2026-09-17T10:41:32.145783+00:00] $ ../node-runtime/node_modules/node-linux-x64/bin/node node_modules/tsd/libraries/typescript/lib/tsc.js --strict --module commonjs --target es2018 --skipLibCheck --noEmit ../evidence/baseline-types/consumer.ts
../evidence/baseline-types/consumer.ts(2,29): error TS2349: This expression is not callable.
  Type 'typeof import("/workspace/scratch/abh-benchmark-jobs/job-10/evidence/baseline-types/index")' has no call signatures.

EXIT 1

[2026-09-17T10:41:32.849713+00:00] $ ../node-runtime/node_modules/node-linux-x64/bin/node node_modules/tsd/libraries/typescript/lib/tsc.js --strict --module commonjs --target es2018 --skipLibCheck ../evidence/commonjs.ts

EXIT 0

[2026-09-17T10:41:32.919708+00:00] $ ../node-runtime/node_modules/node-linux-x64/bin/node ../evidence/commonjs.js
ok

EXIT 0

[2026-09-17T10:41:32.949360+00:00] $ git diff --check

EXIT 0

[2026-09-17T10:41:32.978129+00:00] $ ../node-runtime/node_modules/node-linux-x64/bin/node --version
v18.20.8

EXIT 0

[2026-09-17T10:42:17.085960+00:00] $ git switch -c solver-b/job-10-commonjs-types
Switched to a new branch 'solver-b/job-10-commonjs-types'

EXIT 0

[2026-09-17T10:42:17.115628+00:00] $ git add index.d.ts index.test-d.ts

EXIT 0

[2026-09-17T10:42:17.145193+00:00] $ git -c user.name=solver_b -c user.email=solver_b@simulation.invalid commit -m Align p-limit declarations with CommonJS export
[solver-b/job-10-commonjs-types 6473d85] Align p-limit declarations with CommonJS export
 2 files changed, 39 insertions(+), 32 deletions(-)

EXIT 0

[2026-09-17T10:42:17.171250+00:00] $ git status --short

EXIT 0
